164.132.161.76 - - [18/Jul/2016:04:59:54 +0300] "GET /en/component/content/article/68-2010-09-29-06-33-19.html HTTP/1.0" 500 426 "-" "Mozilla/5.0 (compatible; AhrefsBot/5.1; +http://ahrefs.com/robot/)"
151.80.31.157 - - [18/Jul/2016:05:02:00 +0300] "GET /en/support/knowledge-base/22--tariscope-35/378-r1----.html HTTP/1.0" 500 426 "-" "Mozilla/5.0 (compatible; AhrefsBot/5.1; +http://ahrefs.com/robot/)"
164.132.161.47 - - [18/Jul/2016:05:02:26 +0300] "GET /ru/component/content/article/20-reports/224-2012-10-28-17-08-47.html?tmpl=component&print=1 HTTP/1.0" 500 426 "-" "Mozilla/5.0 (compatible; AhrefsBot/5.1; +http://ahrefs.com/robot/)"
66.249.75.99 - - [18/Jul/2016:05:02:31 +0300] "GET /ru/component/search/?searchword=Asterisk&submit=Search&searchphrase=any&ordering=newest HTTP/1.0" 200 6724 "-" "Mozilla/5.0 (compatible; Googlebot/2.1; +http://www.google.com/bot.html)"
178.154.149.1 - - [18/Jul/2016:05:03:50 +0300] "GET /en/version-news/388--tariscope-cucm.html HTTP/1.0" 500 426 "-" "Mozilla/5.0 (compatible; YandexBot/3.0; +http://yandex.com/bots)"
178.154.149.1 - - [18/Jul/2016:05:03:58 +0300] "GET /ru/support/knowledge-base/20-reports/181-2012-09-03-14-22-22.html HTTP/1.0" 500 426 "-" "Mozilla/5.0 (compatible; YandexBot/3.0; +http://yandex.com/bots)"
217.69.134.12 - - [18/Jul/2016:05:04:05 +0300] "GET /en/?id=1&option=com_osmap&tmpl=component&view=xml HTTP/1.0" 200 1368 "-" "Mozilla/5.0 (compatible; Linux x86_64; Mail.RU_Bot/Fast/2.0; +http://go.mail.ru/help/robots)"
178.154.149.1 - - [18/Jul/2016:05:04:07 +0300] "GET /ru/support/3-contacts.html HTTP/1.0" 500 426 "-" "Mozilla/5.0 (compatible; YandexBot/3.0; +http://yandex.com/bots)"
217.69.134.14 - - [18/Jul/2016:05:04:10 +0300] "GET /ru/?id=1&option=com_osmap&tmpl=component&view=xml HTTP/1.0" 200 1459 "-" "Mozilla/5.0 (compatible; Linux x86_64; Mail.RU_Bot/Fast/2.0; +http://go.mail.ru/help/robots)"
164.132.161.31 - - [18/Jul/2016:05:04:19 +0300] "GET /uk/component/search/?searchword=area+codes&submit=Search&searchphrase=any&ordering=newest&start=40 HTTP/1.0" 200 5395 "-" "Mozilla/5.0 (compatible; AhrefsBot/5.1; +http://ahrefs.com/robot/)"
180.76.15.5 - - [18/Jul/2016:05:05:49 +0300] "GET /en/for-providers/deploying-an-integrated-billing-system.html HTTP/1.0" 500 426 "-" "Mozilla/5.0 (compatible; Baiduspider/2.0; +http://www.baidu.com/search/spider.html)"
66.249.69.190 - - [18/Jul/2016:05:06:07 +0300] "GET /en/support/kb/58-support_en/ts-equipment-en/204-restriction-feature-with-cucm.html HTTP/1.0" 200 11261 "-" "Mozilla/5.0 (compatible; Googlebot/2.1; +http://www.google.com/bot.html)"
151.80.31.181 - - [18/Jul/2016:05:06:13 +0300] "GET /ru/forum/4-Tariscope-Enterprise--Provider/203-Re-%D0%92%D0%BD%D0%B5%D1%81%D0%B5%D0%BD%D0%B8%D0%B5-%D0%B8%D0%B7%D0%BC%D0%B5%D0%BD%D0%B5%D0%BD%D0%B8%D0%B9-%D0%B2-%D0%BF%D0%B0%D1%80%D1%81%D0%B8%D0%BD%D0%B3/post.html?do=quote HTTP/1.0" 500 426 "-" "Mozilla/5.0 (compatible; AhrefsBot/5.1; +http://ahrefs.com/robot/)"
164.132.161.44 - - [18/Jul/2016:05:06:48 +0300] "GET /en/support/knowledge-base/22--tariscope-35/359-n20-.html HTTP/1.0" 500 426 "-" "Mozilla/5.0 (compatible; AhrefsBot/5.1; +http://ahrefs.com/robot/)"
51.255.65.27 - - [18/Jul/2016:05:07:04 +0300] "GET /ru/3cx-ip-phone-system/416-2016-02-22-08-21-04.html HTTP/1.0" 500 426 "-" "Mozilla/5.0 (compatible; AhrefsBot/5.1; +http://ahrefs.com/robot/)"
151.80.31.160 - - [18/Jul/2016:05:07:33 +0300] "GET /uk/component/content/article/9-tariscope-3x/56-database-files-and-sql-server-transaction-log-big-size.html?tmpl=component&print=1 HTTP/1.0" 500 426 "-" "Mozilla/5.0 (compatible; AhrefsBot/5.1; +http://ahrefs.com/robot/)"
157.55.39.158 - - [18/Jul/2016:05:12:36 +0300] "GET /en/site-map.html?start=200 HTTP/1.0" 301 477 "-" "Mozilla/5.0 (compatible; bingbot/2.0; +http://www.bing.com/bingbot.htm)"
68.180.230.169 - - [18/Jul/2016:05:14:22 +0300] "GET /overview.html HTTP/1.0" 303 422 "-" "Mozilla/5.0 (compatible; Yahoo! Slurp; http://help.yahoo.com/help/us/ysearch/slurp)"
68.180.230.169 - - [18/Jul/2016:05:14:24 +0300] "GET /en/overview.html HTTP/1.0" 301 473 "-" "Mozilla/5.0 (compatible; Yahoo! Slurp; http://help.yahoo.com/help/us/ysearch/slurp)"
68.180.229.215 - - [18/Jul/2016:05:14:25 +0300] "GET /robots.txt HTTP/1.0" 200 654 "-" "Mozilla/5.0 (compatible; Yahoo! Slurp; http://help.yahoo.com/help/us/ysearch/slurp)"
68.180.229.215 - - [18/Jul/2016:05:14:26 +0300] "GET /en/ HTTP/1.0" 200 9530 "-" "Mozilla/5.0 (compatible; Yahoo! Slurp; http://help.yahoo.com/help/us/ysearch/slurp)"
217.69.134.11 - - [18/Jul/2016:05:14:33 +0300] "GET /en/?id=1&option=com_osmap&tmpl=component&view=xml HTTP/1.0" 200 1368 "-" "Mozilla/5.0 (compatible; Linux x86_64; Mail.RU_Bot/Fast/2.0; +http://go.mail.ru/help/robots)"
217.69.134.13 - - [18/Jul/2016:05:14:36 +0300] "GET /ru/?id=1&option=com_osmap&tmpl=component&view=xml HTTP/1.0" 200 1459 "-" "Mozilla/5.0 (compatible; Linux x86_64; Mail.RU_Bot/Fast/2.0; +http://go.mail.ru/help/robots)"
66.249.75.113 - - [18/Jul/2016:05:16:55 +0300] "GET /en/main/154-criptomill.html HTTP/1.0" 500 426 "-" "Mozilla/5.0 (compatible; Googlebot/2.1; +http://www.google.com/bot.html)"
164.132.161.83 - - [18/Jul/2016:05:18:53 +0300] "GET /en/forum/4-Tariscope-3x/304-Re-%D0%90%D0%A2%D0%A1-3CX-ver-125---%D0%BA%D0%B0%D0%BA-%D0%B8%D1%81%D0%BF%D1%80%D0%B0%D0%B2%D0%B8%D1%82%D1%8C-%D0%B2%D1%80%D0%B5%D0%BC%D1%8F-%D0%B7%D0%B2%D0%BE%D0%BD%D0%BA%D0%B0/post.html?do=quote HTTP/1.0" 500 426 "-" "Mozilla/5.0 (compatible; AhrefsBot/5.1; +http://ahrefs.com/robot/)"
178.255.215.79 - - [18/Jul/2016:05:20:06 +0300] "GET /robots.txt HTTP/1.0" 200 500 "-" "Mozilla/5.0 (compatible; Exabot/3.0; +http://www.exabot.com/go/robot)"
178.255.215.79 - - [18/Jul/2016:05:20:06 +0300] "GET / HTTP/1.0" 303 405 "-" "Mozilla/5.0 (compatible; Exabot/3.0; +http://www.exabot.com/go/robot)"
51.255.65.73 - - [18/Jul/2016:05:20:11 +0300] "GET /uk/forum/4-Tariscope-3x/268-Re-%D0%A3%D0%B2%D0%B5%D0%B4%D0%BE%D0%BC%D0%BB%D0%B5%D0%BD%D0%B8%D1%8F-%D0%B8-%D0%BF%D0%BE%D1%87%D1%82%D0%B0-%D0%B2-Tariscope/post.html?do=reply HTTP/1.0" 500 426 "-" "Mozilla/5.0 (compatible; AhrefsBot/5.1; +http://ahrefs.com/robot/)"
51.255.65.90 - - [18/Jul/2016:05:20:49 +0300] "GET /uk/especially-for/communication-server-1000--meridian-1/416-2016-02-22-08-21-04.html HTTP/1.0" 500 426 "-" "Mozilla/5.0 (compatible; AhrefsBot/5.1; +http://ahrefs.com/robot/)"
178.255.215.79 - - [18/Jul/2016:05:21:41 +0300] "GET /en/ HTTP/1.0" 200 9291 "-" "Mozilla/5.0 (compatible; Exabot/3.0; +http://www.exabot.com/go/robot)"
51.255.65.96 - - [18/Jul/2016:05:22:34 +0300] "GET /ru/component/content/article/202-2012-09-11-14-27-17.html HTTP/1.0" 500 426 "-" "Mozilla/5.0 (compatible; AhrefsBot/5.1; +http://ahrefs.com/robot/)"
151.80.31.165 - - [18/Jul/2016:05:24:48 +0300] "GET /uk/forum/4-Tariscope-3x/128-Re-%D0%9D%D0%BE%D0%B2%D1%8B%D0%B5-%D1%84%D0%BE%D1%80%D0%BC%D1%8B-%D0%BE%D1%82%D1%87%D0%B5%D1%82%D0%BE%D0%B2-%D0%9D%D0%B0%D0%BB%D0%BE%D0%B3%D0%BE%D0%B2%D0%BE%D0%B9-%D0%BD%D0%B0%D0%BA%D0%BB%D0%B0%D0%B4%D0%BD%D0%BE%D0%B9-%D1%84%D0%BE%D1%80%D0%BC%D0%B0-%D0%BE%D1%82-01112011/post.html?do=quote HTTP/1.0" 500 426 "-" "Mozilla/5.0 (compatible; AhrefsBot/5.1; +http://ahrefs.com/robot/)"
217.69.134.14 - - [18/Jul/2016:05:25:14 +0300] "GET /en/?id=1&option=com_osmap&tmpl=component&view=xml HTTP/1.0" 200 1368 "-" "Mozilla/5.0 (compatible; Linux x86_64; Mail.RU_Bot/Fast/2.0; +http://go.mail.ru/help/robots)"
217.69.134.13 - - [18/Jul/2016:05:25:17 +0300] "GET /ru/?id=1&option=com_osmap&tmpl=component&view=xml HTTP/1.0" 200 1459 "-" "Mozilla/5.0 (compatible; Linux x86_64; Mail.RU_Bot/Fast/2.0; +http://go.mail.ru/help/robots)"
180.76.15.26 - - [18/Jul/2016:05:25:38 +0300] "GET /en/tariscope-enterprise.html HTTP/1.0" 500 426 "-" "Mozilla/5.0 (compatible; Baiduspider/2.0; +http://www.baidu.com/search/spider.html)"
66.249.69.130 - - [18/Jul/2016:05:27:43 +0300] "GET /en/support/kb/59-support_en/admin-guide/251-cdr-iskratel-si3000.html HTTP/1.0" 200 6073 "-" "Mozilla/5.0 (compatible; Googlebot/2.1; +http://www.google.com/bot.html)"
51.255.65.58 - - [18/Jul/2016:05:29:14 +0300] "GET /ru/component/content/article/20-reports/177-2012-09-03-07-50-01.html HTTP/1.0" 500 426 "-" "Mozilla/5.0 (compatible; AhrefsBot/5.1; +http://ahrefs.com/robot/)"
164.132.161.51 - - [18/Jul/2016:05:29:31 +0300] "GET /en/forum/9-%D0%9E%D0%B1%D1%81%D1%83%D0%B6%D0%B4%D0%B5%D0%BD%D0%B8%D1%8F-%D0%B1%D0%B0%D0%B7%D1%8B-%D0%B7%D0%BD%D0%B0%D0%BD%D0%B8%D0%B9/113-Tariscope-34-%D0%B8-%D0%BE%D0%B1%D0%BE%D1%80%D1%83%D0%B4%D0%BE%D0%B2%D0%B0%D0%BD%D0%B8%D0%B5-Cisco-Systems.html HTTP/1.0" 200 9905 "-" "Mozilla/5.0 (compatible; AhrefsBot/5.1; +http://ahrefs.com/robot/)"
178.154.149.1 - - [18/Jul/2016:05:29:53 +0300] "GET /ru/support/3-contacts.html HTTP/1.0" 500 426 "-" "Mozilla/5.0 (compatible; YandexBot/3.0; +http://yandex.com/bots)"
157.55.39.158 - - [18/Jul/2016:05:29:52 +0300] "GET /uk/download/download-tariscope.html HTTP/1.0" 200 6847 "-" "Mozilla/5.0 (compatible; bingbot/2.0; +http://www.bing.com/bingbot.htm)"
178.154.149.1 - - [18/Jul/2016:05:30:01 +0300] "GET /ru/support/knowledge-base/20-reports/181-2012-09-03-14-22-22.html HTTP/1.0" 500 426 "-" "Mozilla/5.0 (compatible; YandexBot/3.0; +http://yandex.com/bots)"
178.154.149.1 - - [18/Jul/2016:05:30:10 +0300] "GET /ru/support/185--2.html HTTP/1.0" 500 426 "-" "Mozilla/5.0 (compatible; YandexBot/3.0; +http://yandex.com/bots)"
178.154.149.1 - - [18/Jul/2016:05:30:18 +0300] "GET /uk/component/content/article/381-r4-.html?directory=94 HTTP/1.0" 500 426 "-" "Mozilla/5.0 (compatible; YandexBot/3.0; +http://yandex.com/bots)"
178.154.149.1 - - [18/Jul/2016:05:30:27 +0300] "GET /ru/support/knowledge-base/16-equipment-configure/123-configure-integration-of-tariscope-and-cisco-systems.html HTTP/1.0" 500 426 "-" "Mozilla/5.0 (compatible; YandexBot/3.0; +http://yandex.com/bots)"
217.69.134.39 - - [18/Jul/2016:05:34:06 +0300] "GET /en/?id=1&option=com_osmap&tmpl=component&view=xml HTTP/1.0" 200 1368 "-" "Mozilla/5.0 (compatible; Linux x86_64; Mail.RU_Bot/Fast/2.0; +http://go.mail.ru/help/robots)"
217.69.134.12 - - [18/Jul/2016:05:34:16 +0300] "GET /ru/?id=1&option=com_osmap&tmpl=component&view=xml HTTP/1.0" 200 1459 "-" "Mozilla/5.0 (compatible; Linux x86_64; Mail.RU_Bot/Fast/2.0; +http://go.mail.ru/help/robots)"
66.249.75.106 - - [18/Jul/2016:05:34:55 +0300] "GET /ru/forum/4-Tariscope-3x/125-%D0%9D%D0%BE%D0%B2%D1%8B%D0%B5-%D1%84%D0%BE%D1%80%D0%BC%D1%8B-%D0%BE%D1%82%D1%87%D0%B5%D1%82%D0%BE%D0%B2-%D0%9D%D0%B0%D0%BB%D0%BE%D0%B3%D0%BE%D0%B2%D0%BE%D0%B9-%D0%BD%D0%B0%D0%BA%D0%BB%D0%B0%D0%B4%D0%BD%D0%BE%D0%B9-%D1%84%D0%BE%D1%80%D0%BC%D0%B0-%D0%BE%D1%82-01112011.html HTTP/1.0" 200 9149 "-" "Mozilla/5.0 (compatible; Googlebot/2.1; +http://www.google.com/bot.html)"
178.154.149.1 - - [18/Jul/2016:05:35:00 +0300] "GET /en/version-news/388--tariscope-cucm.html HTTP/1.0" 500 426 "-" "Mozilla/5.0 (compatible; YandexBot/3.0; +http://yandex.com/bots)"
178.154.149.1 - - [18/Jul/2016:05:35:09 +0300] "GET /ru/support/knowledge-base/20-reports/181-2012-09-03-14-22-22.html HTTP/1.0" 500 426 "-" "Mozilla/5.0 (compatible; YandexBot/3.0; +http://yandex.com/bots)"
178.154.149.1 - - [18/Jul/2016:05:35:18 +0300] "GET /ru/support/3-contacts.html HTTP/1.0" 500 426 "-" "Mozilla/5.0 (compatible; YandexBot/3.0; +http://yandex.com/bots)"
178.154.149.1 - - [18/Jul/2016:05:35:28 +0300] "GET /ru/support/knowledge-base/16-equipment-configure/123-configure-integration-of-tariscope-and-cisco-systems.html HTTP/1.0" 500 426 "-" "Mozilla/5.0 (compatible; YandexBot/3.0; +http://yandex.com/bots)"
178.154.149.1 - - [18/Jul/2016:05:35:38 +0300] "GET /ru/support/185--2.html HTTP/1.0" 500 426 "-" "Mozilla/5.0 (compatible; YandexBot/3.0; +http://yandex.com/bots)"
180.76.15.29 - - [18/Jul/2016:05:39:18 +0300] "GET /ru/54-company_ru/partners/164-zambia-ru.html HTTP/1.0" 200 8962 "-" "Mozilla/5.0 (compatible; Baiduspider/2.0; +http://www.baidu.com/search/spider.html)"
66.249.75.99 - - [18/Jul/2016:05:44:17 +0300] "GET /reports/91-configuring-the-hipath-3000-cdr-for-tariscope.html HTTP/1.0" 303 470 "-" "Mozilla/5.0 (compatible; Googlebot/2.1; +http://www.google.com/bot.html)"
66.249.69.130 - - [18/Jul/2016:05:44:18 +0300] "GET /en/reports/91-configuring-the-hipath-3000-cdr-for-tariscope.html HTTP/1.0" 200 8430 "-" "Mozilla/5.0 (compatible; Googlebot/2.1; +http://www.google.com/bot.html)"
66.249.69.130 - - [18/Jul/2016:05:44:51 +0300] "GET /en/forum/5-Tariscope-Basic--Standard/95-Tariscope-28-Basic.html?limit=10 HTTP/1.0" 200 8633 "-" "Mozilla/5.0 (Linux; Android 6.0.1; Nexus 5X Build/MMB29P) AppleWebKit/537.36 (KHTML, like Gecko) Chrome/41.0.2272.96 Mobile Safari/537.36 (compatible; Googlebot/2.1; +http://www.google.com/bot.html)"
217.69.134.39 - - [18/Jul/2016:05:45:32 +0300] "GET /en/?id=1&option=com_osmap&tmpl=component&view=xml HTTP/1.0" 200 1368 "-" "Mozilla/5.0 (compatible; Linux x86_64; Mail.RU_Bot/Fast/2.0; +http://go.mail.ru/help/robots)"
217.69.134.11 - - [18/Jul/2016:05:45:35 +0300] "GET /ru/?id=1&option=com_osmap&tmpl=component&view=xml HTTP/1.0" 200 1459 "-" "Mozilla/5.0 (compatible; Linux x86_64; Mail.RU_Bot/Fast/2.0; +http://go.mail.ru/help/robots)"
66.249.75.99 - - [18/Jul/2016:05:45:43 +0300] "GET /uk/support/255--tariscope.html?start=28 HTTP/1.0" 500 426 "-" "Mozilla/5.0 (compatible; Googlebot/2.1; +http://www.google.com/bot.html)"
85.10.201.55 - - [18/Jul/2016:05:48:04 +0300] "GET / HTTP/1.0" 303 405 "-" "Mozilla/5.0 (Windows NT 6.1; WOW64) AppleWebKit/537.36 (KHTML, like Gecko) Chrome/44.0.2403.157 Safari/537.36"
85.10.201.55 - - [18/Jul/2016:05:48:04 +0300] "GET /en/ HTTP/1.0" 200 9251 "-" "Mozilla/5.0 (Windows NT 6.1; WOW64) AppleWebKit/537.36 (KHTML, like Gecko) Chrome/44.0.2403.157 Safari/537.36"
78.47.115.117 - - [18/Jul/2016:05:48:07 +0300] "GET / HTTP/1.0" 303 405 "-" "Mozilla/5.0 (Windows NT 6.1; WOW64) AppleWebKit/534.34 (KHTML, like Gecko) wkhtmltoimage Safari/534.34"
78.47.115.117 - - [18/Jul/2016:05:48:07 +0300] "GET /ru/ HTTP/1.0" 200 9841 "-" "Mozilla/5.0 (Windows NT 6.1; WOW64) AppleWebKit/534.34 (KHTML, like Gecko) wkhtmltoimage Safari/534.34"
78.47.115.117 - - [18/Jul/2016:05:48:08 +0300] "GET /media/mod_languages/css/template.css HTTP/1.1" 200 335 "-" "Mozilla/5.0 (Windows NT 6.1; WOW64) AppleWebKit/534.34 (KHTML, like Gecko) wkhtmltoimage Safari/534.34"
78.47.115.117 - - [18/Jul/2016:05:48:08 +0300] "GET /templates/it_zen/assets/css/animations.css HTTP/1.1" 200 41923 "-" "Mozilla/5.0 (Windows NT 6.1; WOW64) AppleWebKit/534.34 (KHTML, like Gecko) wkhtmltoimage Safari/534.34"
78.47.115.117 - - [18/Jul/2016:05:48:08 +0300] "GET /templates/it_zen/assets/less/template_responsive.css HTTP/1.1" 200 27513 "-" "Mozilla/5.0 (Windows NT 6.1; WOW64) AppleWebKit/534.34 (KHTML, like Gecko) wkhtmltoimage Safari/534.34"
78.47.115.117 - - [18/Jul/2016:05:48:08 +0300] "GET /modules/mod_slideshowck/themes/default/css/camera.css HTTP/1.1" 200 26649 "-" "Mozilla/5.0 (Windows NT 6.1; WOW64) AppleWebKit/534.34 (KHTML, like Gecko) wkhtmltoimage Safari/534.34"
78.47.115.117 - - [18/Jul/2016:05:48:09 +0300] "GET /media/jui/js/jquery.min.js HTTP/1.1" 200 95957 "-" "Mozilla/5.0 (Windows NT 6.1; WOW64) AppleWebKit/534.34 (KHTML, like Gecko) wkhtmltoimage Safari/534.34"
78.47.115.117 - - [18/Jul/2016:05:48:09 +0300] "GET /media/jui/js/jquery-noconflict.js HTTP/1.1" 200 21 "-" "Mozilla/5.0 (Windows NT 6.1; WOW64) AppleWebKit/534.34 (KHTML, like Gecko) wkhtmltoimage Safari/534.34"
78.47.115.117 - - [18/Jul/2016:05:48:09 +0300] "GET /media/jui/js/jquery-migrate.min.js HTTP/1.1" 200 7199 "-" "Mozilla/5.0 (Windows NT 6.1; WOW64) AppleWebKit/534.34 (KHTML, like Gecko) wkhtmltoimage Safari/534.34"
78.47.115.117 - - [18/Jul/2016:05:48:09 +0300] "GET /media/system/js/caption.js HTTP/1.1" 200 491 "-" "Mozilla/5.0 (Windows NT 6.1; WOW64) AppleWebKit/534.34 (KHTML, like Gecko) wkhtmltoimage Safari/534.34"
78.47.115.117 - - [18/Jul/2016:05:48:09 +0300] "GET /media/jui/js/bootstrap.min.js HTTP/1.1" 200 29156 "-" "Mozilla/5.0 (Windows NT 6.1; WOW64) AppleWebKit/534.34 (KHTML, like Gecko) wkhtmltoimage Safari/534.34"
78.47.115.117 - - [18/Jul/2016:05:48:09 +0300] "GET /templates/it_zen/assets/js/template.js HTTP/1.1" 200 8564 "-" "Mozilla/5.0 (Windows NT 6.1; WOW64) AppleWebKit/534.34 (KHTML, like Gecko) wkhtmltoimage Safari/534.34"
78.47.115.117 - - [18/Jul/2016:05:48:09 +0300] "GET /templates/it_zen/assets/js/jquery.stellar.min.js HTTP/1.1" 200 12597 "-" "Mozilla/5.0 (Windows NT 6.1; WOW64) AppleWebKit/534.34 (KHTML, like Gecko) wkhtmltoimage Safari/534.34"
78.47.115.117 - - [18/Jul/2016:05:48:10 +0300] "GET /media/system/js/html5fallback.js HTTP/1.1" 200 6478 "-" "Mozilla/5.0 (Windows NT 6.1; WOW64) AppleWebKit/534.34 (KHTML, like Gecko) wkhtmltoimage Safari/534.34"
78.47.115.117 - - [18/Jul/2016:05:48:10 +0300] "GET /modules/mod_globalnews/scripts/slider.js HTTP/1.1" 200 7085 "-" "Mozilla/5.0 (Windows NT 6.1; WOW64) AppleWebKit/534.34 (KHTML, like Gecko) wkhtmltoimage Safari/534.34"
78.47.115.117 - - [18/Jul/2016:05:48:10 +0300] "GET /modules/mod_slideshowck/assets/jquery.easing.1.3.js HTTP/1.1" 200 8097 "-" "Mozilla/5.0 (Windows NT 6.1; WOW64) AppleWebKit/534.34 (KHTML, like Gecko) wkhtmltoimage Safari/534.34"
78.47.115.117 - - [18/Jul/2016:05:48:11 +0300] "GET /modules/mod_slideshowck/assets/camera.js HTTP/1.1" 200 81312 "-" "Mozilla/5.0 (Windows NT 6.1; WOW64) AppleWebKit/534.34 (KHTML, like Gecko) wkhtmltoimage Safari/534.34"
78.47.115.117 - - [18/Jul/2016:05:48:11 +0300] "GET /templates/it_zen/assets/less/styles/style1.css HTTP/1.1" 200 15442 "-" "Mozilla/5.0 (Windows NT 6.1; WOW64) AppleWebKit/534.34 (KHTML, like Gecko) wkhtmltoimage Safari/534.34"
78.47.115.117 - - [18/Jul/2016:05:48:11 +0300] "GET /templates/it_zen/assets/js/jquery.pageslide.min.js HTTP/1.1" 200 1923 "-" "Mozilla/5.0 (Windows NT 6.1; WOW64) AppleWebKit/534.34 (KHTML, like Gecko) wkhtmltoimage Safari/534.34"
78.47.115.117 - - [18/Jul/2016:05:48:11 +0300] "GET /templates/it_zen/assets/css/custom.css HTTP/1.1" 200 393 "-" "Mozilla/5.0 (Windows NT 6.1; WOW64) AppleWebKit/534.34 (KHTML, like Gecko) wkhtmltoimage Safari/534.34"
78.47.115.117 - - [18/Jul/2016:05:48:11 +0300] "GET /templates/it_zen/assets/js/css3-animate-it.min.js HTTP/1.1" 200 3406 "-" "Mozilla/5.0 (Windows NT 6.1; WOW64) AppleWebKit/534.34 (KHTML, like Gecko) wkhtmltoimage Safari/534.34"
78.47.115.117 - - [18/Jul/2016:05:49:13 +0300] "GET /templates/it_zen/assets/less/template.css HTTP/1.1" 200 219855 "-" "Mozilla/5.0 (Windows NT 6.1; WOW64) AppleWebKit/534.34 (KHTML, like Gecko) wkhtmltoimage Safari/534.34"
78.47.115.117 - - [18/Jul/2016:05:50:07 +0300] "GET /en/ HTTP/1.0" 200 9320 "-" "Mozilla/5.0 (Windows NT 6.1; WOW64) AppleWebKit/534.34 (KHTML, like Gecko) wkhtmltoimage Safari/534.34"
78.47.115.117 - - [18/Jul/2016:05:50:08 +0300] "GET /templates/it_zen/assets/less/template.css HTTP/1.1" 200 249712 "-" "Mozilla/5.0 (Windows NT 6.1; WOW64) AppleWebKit/534.34 (KHTML, like Gecko) wkhtmltoimage Safari/534.34"
78.47.115.117 - - [18/Jul/2016:05:50:19 +0300] "GET /media/mod_languages/images/en.gif HTTP/1.1" 200 1027 "-" "Mozilla/5.0 (Windows NT 6.1; WOW64) AppleWebKit/534.34 (KHTML, like Gecko) wkhtmltoimage Safari/534.34"
78.47.115.117 - - [18/Jul/2016:05:50:19 +0300] "GET /media/mod_languages/images/de.gif HTTP/1.1" 200 62 "-" "Mozilla/5.0 (Windows NT 6.1; WOW64) AppleWebKit/534.34 (KHTML, like Gecko) wkhtmltoimage Safari/534.34"
78.47.115.117 - - [18/Jul/2016:05:50:19 +0300] "GET /media/mod_languages/images/ru.gif HTTP/1.1" 200 94 "-" "Mozilla/5.0 (Windows NT 6.1; WOW64) AppleWebKit/534.34 (KHTML, like Gecko) wkhtmltoimage Safari/534.34"
78.47.115.117 - - [18/Jul/2016:05:50:19 +0300] "GET /images/information/mini_logo.png HTTP/1.1" 200 7799 "-" "Mozilla/5.0 (Windows NT 6.1; WOW64) AppleWebKit/534.34 (KHTML, like Gecko) wkhtmltoimage Safari/534.34"
78.47.115.117 - - [18/Jul/2016:05:50:19 +0300] "GET /images/Icons/filter_blue.png HTTP/1.1" 200 20713 "-" "Mozilla/5.0 (Windows NT 6.1; WOW64) AppleWebKit/534.34 (KHTML, like Gecko) wkhtmltoimage Safari/534.34"
78.47.115.117 - - [18/Jul/2016:05:50:19 +0300] "GET /images/Icons/restriction3_icon.png HTTP/1.1" 200 20215 "-" "Mozilla/5.0 (Windows NT 6.1; WOW64) AppleWebKit/534.34 (KHTML, like Gecko) wkhtmltoimage Safari/534.34"
78.47.115.117 - - [18/Jul/2016:05:50:19 +0300] "GET /media/mod_languages/images/uk.gif HTTP/1.1" 200 52 "-" "Mozilla/5.0 (Windows NT 6.1; WOW64) AppleWebKit/534.34 (KHTML, like Gecko) wkhtmltoimage Safari/534.34"
78.47.115.117 - - [18/Jul/2016:05:50:19 +0300] "GET /images/office1.jpg HTTP/1.1" 200 32236 "-" "Mozilla/5.0 (Windows NT 6.1; WOW64) AppleWebKit/534.34 (KHTML, like Gecko) wkhtmltoimage Safari/534.34"
78.47.115.117 - - [18/Jul/2016:05:50:19 +0300] "GET /images/Icons/equipment_icon.png HTTP/1.1" 200 22750 "-" "Mozilla/5.0 (Windows NT 6.1; WOW64) AppleWebKit/534.34 (KHTML, like Gecko) wkhtmltoimage Safari/534.34"
78.47.115.117 - - [18/Jul/2016:05:50:19 +0300] "GET /modules/mod_globalnews/thumbs/04/b_48_48_16777215_234_new_green48.png HTTP/1.1" 200 2051 "-" "Mozilla/5.0 (Windows NT 6.1; WOW64) AppleWebKit/534.34 (KHTML, like Gecko) wkhtmltoimage Safari/534.34"
78.47.115.117 - - [18/Jul/2016:05:50:19 +0300] "GET /images/information/reports239.jpg HTTP/1.1" 200 38264 "-" "Mozilla/5.0 (Windows NT 6.1; WOW64) AppleWebKit/534.34 (KHTML, like Gecko) wkhtmltoimage Safari/534.34"
78.47.115.117 - - [18/Jul/2016:05:50:20 +0300] "GET /images/Icons/personal_area_icon.png HTTP/1.1" 200 20994 "-" "Mozilla/5.0 (Windows NT 6.1; WOW64) AppleWebKit/534.34 (KHTML, like Gecko) wkhtmltoimage Safari/534.34"
78.47.115.117 - - [18/Jul/2016:05:50:20 +0300] "GET /images/telecom.png HTTP/1.1" 200 154825 "-" "Mozilla/5.0 (Windows NT 6.1; WOW64) AppleWebKit/534.34 (KHTML, like Gecko) wkhtmltoimage Safari/534.34"
78.47.115.117 - - [18/Jul/2016:05:50:20 +0300] "GET /modules/mod_globalnews/thumbs/08/b_48_48_16777215_108_new_green48.png HTTP/1.1" 200 2051 "-" "Mozilla/5.0 (Windows NT 6.1; WOW64) AppleWebKit/534.34 (KHTML, like Gecko) wkhtmltoimage Safari/534.34"
78.47.115.117 - - [18/Jul/2016:05:50:20 +0300] "GET /modules/mod_globalnews/thumbs/05/b_48_48_16777215_45_settings_green48.png HTTP/1.1" 200 2462 "-" "Mozilla/5.0 (Windows NT 6.1; WOW64) AppleWebKit/534.34 (KHTML, like Gecko) wkhtmltoimage Safari/534.34"
78.47.115.117 - - [18/Jul/2016:05:50:20 +0300] "GET /modules/mod_globalnews/thumbs/04/b_48_48_16777215_44_diagram_icon48.png HTTP/1.1" 200 1857 "-" "Mozilla/5.0 (Windows NT 6.1; WOW64) AppleWebKit/534.34 (KHTML, like Gecko) wkhtmltoimage Safari/534.34"
78.47.115.117 - - [18/Jul/2016:05:50:20 +0300] "GET /modules/mod_globalnews/thumbs/03/b_48_48_16777215_123_new_green48.png HTTP/1.1" 200 2051 "-" "Mozilla/5.0 (Windows NT 6.1; WOW64) AppleWebKit/534.34 (KHTML, like Gecko) wkhtmltoimage Safari/534.34"
78.47.115.117 - - [18/Jul/2016:05:50:20 +0300] "GET /modules/mod_globalnews/thumbs/04/b_90_90_16777215_114_en_ts_hotel_system.png HTTP/1.1" 200 4555 "-" "Mozilla/5.0 (Windows NT 6.1; WOW64) AppleWebKit/534.34 (KHTML, like Gecko) wkhtmltoimage Safari/534.34"
78.47.115.117 - - [18/Jul/2016:05:50:20 +0300] "GET /modules/mod_globalnews/thumbs/09/b_90_90_16777215_119_flexibility.png HTTP/1.1" 200 10814 "-" "Mozilla/5.0 (Windows NT 6.1; WOW64) AppleWebKit/534.34 (KHTML, like Gecko) wkhtmltoimage Safari/534.34"
78.47.115.117 - - [18/Jul/2016:05:50:20 +0300] "GET /templates/it_zen/assets/images/icon_top.png HTTP/1.1" 200 1293 "-" "Mozilla/5.0 (Windows NT 6.1; WOW64) AppleWebKit/534.34 (KHTML, like Gecko) wkhtmltoimage Safari/534.34"
78.47.115.117 - - [18/Jul/2016:05:50:20 +0300] "GET /templates/it_zen/assets/images/slideshow_arrows.png HTTP/1.1" 200 1673 "-" "Mozilla/5.0 (Windows NT 6.1; WOW64) AppleWebKit/534.34 (KHTML, like Gecko) wkhtmltoimage Safari/534.34"
78.47.115.117 - - [18/Jul/2016:05:50:20 +0300] "GET /images/information/logo.png HTTP/1.1" 200 83898 "-" "Mozilla/5.0 (Windows NT 6.1; WOW64) AppleWebKit/534.34 (KHTML, like Gecko) wkhtmltoimage Safari/534.34"
78.47.115.117 - - [18/Jul/2016:05:50:20 +0300] "GET /modules/mod_globalnews/thumbs/06/b_90_90_16777215_106_cabinet1.png HTTP/1.1" 200 4109 "-" "Mozilla/5.0 (Windows NT 6.1; WOW64) AppleWebKit/534.34 (KHTML, like Gecko) wkhtmltoimage Safari/534.34"
78.47.115.117 - - [18/Jul/2016:05:50:20 +0300] "GET /modules/mod_globalnews/thumbs/05/b_90_90_16777215_105_limiting.png HTTP/1.1" 200 8699 "-" "Mozilla/5.0 (Windows NT 6.1; WOW64) AppleWebKit/534.34 (KHTML, like Gecko) wkhtmltoimage Safari/534.34"
78.47.115.117 - - [18/Jul/2016:05:50:20 +0300] "GET /images/banners/bridges/h_bay_bridge.jpg?1468810489690 HTTP/1.1" 200 30938 "-" "Mozilla/5.0 (Windows NT 6.1; WOW64) AppleWebKit/534.34 (KHTML, like Gecko) wkhtmltoimage Safari/534.34"
78.47.115.117 - - [18/Jul/2016:05:50:20 +0300] "GET /images/banners/bridges/th/h_bay_bridge_th.jpg HTTP/1.1" 200 3009 "-" "Mozilla/5.0 (Windows NT 6.1; WOW64) AppleWebKit/534.34 (KHTML, like Gecko) wkhtmltoimage Safari/534.34"
78.47.115.117 - - [18/Jul/2016:05:50:20 +0300] "GET /images/banners/highway/th/highway_th.jpg HTTP/1.1" 200 3841 "-" "Mozilla/5.0 (Windows NT 6.1; WOW64) AppleWebKit/534.34 (KHTML, like Gecko) wkhtmltoimage Safari/534.34"
78.47.115.117 - - [18/Jul/2016:05:50:20 +0300] "GET /images/banners/mountains/th/2_th.jpg HTTP/1.1" 200 3341 "-" "Mozilla/5.0 (Windows NT 6.1; WOW64) AppleWebKit/534.34 (KHTML, like Gecko) wkhtmltoimage Safari/534.34"
78.47.115.117 - - [18/Jul/2016:05:50:21 +0300] "GET /modules/mod_slideshowck/themes/default/images/camera_skins.png HTTP/1.1" 200 24198 "-" "Mozilla/5.0 (Windows NT 6.1; WOW64) AppleWebKit/534.34 (KHTML, like Gecko) wkhtmltoimage Safari/534.34"
78.47.115.117 - - [18/Jul/2016:05:50:22 +0300] "GET /images/banners/highway/highway.jpg?1468810491186 HTTP/1.1" 200 333717 "-" "Mozilla/5.0 (Windows NT 6.1; WOW64) AppleWebKit/534.34 (KHTML, like Gecko) wkhtmltoimage Safari/534.34"
207.46.13.147 - - [18/Jul/2016:05:50:38 +0300] "GET /en/support/knowledge-base/22-management-of-tariscope-35.html?start=80 HTTP/1.0" 500 426 "-" "Mozilla/5.0 (compatible; bingbot/2.0; +http://www.bing.com/bingbot.htm)"
109.174.92.138 - - [18/Jul/2016:05:52:48 +0300] "GET /templates/it_zen/favicon.ico HTTP/1.0" 200 3899 "-" "Mozilla/5.0 (Windows NT 6.1; WOW64; rv:47.0) Gecko/20100101 Firefox/47.0"
66.249.75.99 - - [18/Jul/2016:05:52:55 +0300] "GET /en/forum/4-Tariscope-3x/244-Avaya---SFTP---Tariscope.html HTTP/1.0" 200 8410 "-" "Mozilla/5.0 (compatible; Googlebot/2.1; +http://www.google.com/bot.html)"
128.242.249.11 - - [18/Jul/2016:05:54:32 +0300] "GET /en/news.feed?type=atom HTTP/1.0" 200 16617 "-" "TwitterFeed 3"
217.69.134.29 - - [18/Jul/2016:05:55:05 +0300] "GET /en/?id=1&option=com_osmap&tmpl=component&view=xml HTTP/1.0" 200 1368 "-" "Mozilla/5.0 (compatible; Linux x86_64; Mail.RU_Bot/Fast/2.0; +http://go.mail.ru/help/robots)"
217.69.134.11 - - [18/Jul/2016:05:55:10 +0300] "GET /ru/?id=1&option=com_osmap&tmpl=component&view=xml HTTP/1.0" 200 1459 "-" "Mozilla/5.0 (compatible; Linux x86_64; Mail.RU_Bot/Fast/2.0; +http://go.mail.ru/help/robots)"
207.46.13.134 - - [18/Jul/2016:05:55:58 +0300] "GET /en/support/knowledge-base/20-reports/159-2012-08-27-14-05-04.html HTTP/1.0" 500 426 "-" "Mozilla/5.0 (compatible; bingbot/2.0; +http://www.bing.com/bingbot.htm)"
66.249.75.99 - - [18/Jul/2016:05:56:31 +0300] "GET /en/download/download-tariscope.html HTTP/1.0" 200 6355 "-" "Mozilla/5.0 (compatible; Googlebot/2.1; +http://www.google.com/bot.html)"
157.55.39.158 - - [18/Jul/2016:05:56:49 +0300] "GET /ru/home/10-partners/322-2014-02-10-15-13-10.html HTTP/1.0" 500 426 "-" "Mozilla/5.0 (compatible; bingbot/2.0; +http://www.bing.com/bingbot.htm)"
180.76.15.25 - - [18/Jul/2016:05:59:07 +0300] "GET /en/component/search/?Itemid=186&catid=59&id=208&format=opensearch HTTP/1.0" 200 1015 "-" "Mozilla/5.0 (compatible; Baiduspider/2.0; +http://www.baidu.com/search/spider.html)"
91.208.210.39 - - [18/Jul/2016:06:00:28 +0300] "GET /templates/bright/favicon.ico HTTP/1.0" 303 346 "-" "Mozilla/5.0 (Windows NT 6.1; WOW64; rv:47.0) Gecko/20100101 Firefox/47.0"
180.76.15.162 - - [18/Jul/2016:06:02:25 +0300] "GET /en/support/335-n4-observer-ftp-.html HTTP/1.0" 500 426 "-" "Mozilla/5.0 (compatible; Baiduspider/2.0; +http://www.baidu.com/search/spider.html)"
178.154.149.1 - - [18/Jul/2016:06:04:38 +0300] "GET /uk/forum/4-Tariscope-3x/319-Re-%D0%A0%D0%B0%D1%81%D1%87%D0%B5%D1%82-%D0%BB%D0%B8%D0%BC%D0%B8%D1%82%D0%B0.html HTTP/1.0" 500 426 "-" "Mozilla/5.0 (compatible; YandexBot/3.0; +http://yandex.com/bots)"
178.154.149.1 - - [18/Jul/2016:06:04:49 +0300] "GET /ru/support/3-contacts.html HTTP/1.0" 500 426 "-" "Mozilla/5.0 (compatible; YandexBot/3.0; +http://yandex.com/bots)"
178.154.149.1 - - [18/Jul/2016:06:04:59 +0300] "GET /en/version-news/388--tariscope-cucm.html HTTP/1.0" 500 426 "-" "Mozilla/5.0 (compatible; YandexBot/3.0; +http://yandex.com/bots)"
178.154.149.1 - - [18/Jul/2016:06:05:10 +0300] "GET /en/forum/4-Tariscope-Enterprise--Provider/166-%D0%90%D0%BA%D1%82%D0%B8%D0%B2%D0%BD%D0%BE%D0%B5-%D1%83%D1%81%D1%82%D1%80%D0%BE%D0%B9%D1%81%D1%82%D0%B2%D0%BE.html HTTP/1.0" 500 426 "-" "Mozilla/5.0 (compatible; YandexBot/3.0; +http://yandex.com/bots)"
178.154.149.1 - - [18/Jul/2016:06:05:20 +0300] "GET /ru/support/knowledge-base-2.html?letter=%D0%A0 HTTP/1.0" 500 426 "-" "Mozilla/5.0 (compatible; YandexBot/3.0; +http://yandex.com/bots)"
178.154.149.1 - - [18/Jul/2016:06:05:31 +0300] "GET /ru/support/163-2012-08-28-13-40-11.html HTTP/1.0" 500 426 "-" "Mozilla/5.0 (compatible; YandexBot/3.0; +http://yandex.com/bots)"
178.154.149.1 - - [18/Jul/2016:06:05:42 +0300] "GET /ru/support/knowledge-base/20-reports/181-2012-09-03-14-22-22.html HTTP/1.0" 500 426 "-" "Mozilla/5.0 (compatible; YandexBot/3.0; +http://yandex.com/bots)"
217.69.134.12 - - [18/Jul/2016:06:07:06 +0300] "GET /en/?id=1&option=com_osmap&tmpl=component&view=xml HTTP/1.0" 200 1368 "-" "Mozilla/5.0 (compatible; Linux x86_64; Mail.RU_Bot/Fast/2.0; +http://go.mail.ru/help/robots)"
217.69.134.29 - - [18/Jul/2016:06:07:09 +0300] "GET /ru/?id=1&option=com_osmap&tmpl=component&view=xml HTTP/1.0" 200 1459 "-" "Mozilla/5.0 (compatible; Linux x86_64; Mail.RU_Bot/Fast/2.0; +http://go.mail.ru/help/robots)"
66.249.75.99 - - [18/Jul/2016:06:07:19 +0300] "GET /ru/news.html HTTP/1.0" 200 7761 "-" "Mozilla/5.0 (compatible; Googlebot/2.1; +http://www.google.com/bot.html)"
178.154.149.1 - - [18/Jul/2016:06:08:31 +0300] "GET /en/version-news/388--tariscope-cucm.html HTTP/1.0" 500 426 "-" "Mozilla/5.0 (compatible; YandexBot/3.0; +http://yandex.com/bots)"
178.154.149.1 - - [18/Jul/2016:06:08:43 +0300] "GET /uk/component/content/article/79-web-interface-install.html HTTP/1.0" 500 426 "-" "Mozilla/5.0 (compatible; YandexBot/3.0; +http://yandex.com/bots)"
178.154.149.1 - - [18/Jul/2016:06:08:54 +0300] "GET /ru/support/knowledge-base/20-reports/181-2012-09-03-14-22-22.html HTTP/1.0" 500 426 "-" "Mozilla/5.0 (compatible; YandexBot/3.0; +http://yandex.com/bots)"
178.154.149.1 - - [18/Jul/2016:06:09:06 +0300] "GET /uk/component/content/article/22--tariscope-35/383-s1----tariscope.html HTTP/1.0" 500 426 "-" "Mozilla/5.0 (compatible; YandexBot/3.0; +http://yandex.com/bots)"
141.8.142.33 - - [18/Jul/2016:06:09:17 +0300] "GET /ru/support/knowledge-base-2.html?ordering=11&letter=G HTTP/1.0" 500 426 "-" "Mozilla/5.0 (compatible; YandexBot/3.0; +http://yandex.com/bots)"
141.8.184.8 - - [18/Jul/2016:06:09:29 +0300] "GET /ru/support/3-contacts.html HTTP/1.0" 500 426 "-" "Mozilla/5.0 (compatible; YandexBot/3.0; +http://yandex.com/bots)"
178.154.149.1 - - [18/Jul/2016:06:09:41 +0300] "GET /ru/component/content/article/373-q10-.html?directory=94 HTTP/1.0" 500 426 "-" "Mozilla/5.0 (compatible; YandexBot/3.0; +http://yandex.com/bots)"
141.8.142.33 - - [18/Jul/2016:06:09:52 +0300] "GET /uk/component/content/article/216-2012-10-04-13-39-06.html HTTP/1.0" 500 426 "-" "Mozilla/5.0 (compatible; YandexBot/3.0; +http://yandex.com/bots)"
141.8.132.42 - - [18/Jul/2016:06:10:03 +0300] "GET /uk/forum/4-Tariscope-3x/319-Re-%D0%A0%D0%B0%D1%81%D1%87%D0%B5%D1%82-%D0%BB%D0%B8%D0%BC%D0%B8%D1%82%D0%B0.html HTTP/1.0" 500 426 "-" "Mozilla/5.0 (compatible; YandexBot/3.0; +http://yandex.com/bots)"
46.161.9.11 - - [18/Jul/2016:06:12:05 +0300] "GET /uk/component/search/?Itemid=234&format=opensearch HTTP/1.0" 200 1272 "-" "Mozilla/5.0 (Windows NT 6.1; WOW64; rv:26.1) Gecko/20100101 Firefox/26.0"
157.55.39.158 - - [18/Jul/2016:06:12:29 +0300] "GET /ru/forum/rss.feed HTTP/1.0" 200 4941 "-" "Mozilla/5.0 (compatible; bingbot/2.0; +http://www.bing.com/bingbot.htm)"
180.76.15.151 - - [18/Jul/2016:06:12:47 +0300] "GET /ru/news-ru/58-%D0%BE%D1%86%D0%B5%D0%BD%D0%BA%D0%B0-%D0%BA%D0%B0%D1%87%D0%B5%D1%81%D1%82%D0%B2%D0%B0-voip-%D0%B2%D1%8B%D0%B7%D0%BE%D0%B2%D0%BE%D0%B2-%D0%B4%D0%BB%D1%8F-cucm.html HTTP/1.0" 200 8813 "-" "Mozilla/5.0 (compatible; Baiduspider/2.0; +http://www.baidu.com/search/spider.html)"
66.249.75.99 - - [18/Jul/2016:06:14:31 +0300] "GET /ru/for-in-stead/load-channels.html HTTP/1.0" 301 508 "-" "Mozilla/5.0 (compatible; Googlebot/2.1; +http://www.google.com/bot.html)"
66.249.75.106 - - [18/Jul/2016:06:18:07 +0300] "GET /en/especially-for/siemens-hipath-3000.html HTTP/1.0" 301 516 "-" "Mozilla/5.0 (compatible; Googlebot/2.1; +http://www.google.com/bot.html)"
217.69.134.30 - - [18/Jul/2016:06:20:12 +0300] "GET /en/?id=1&option=com_osmap&tmpl=component&view=xml HTTP/1.0" 200 1368 "-" "Mozilla/5.0 (compatible; Linux x86_64; Mail.RU_Bot/Fast/2.0; +http://go.mail.ru/help/robots)"
217.69.134.12 - - [18/Jul/2016:06:20:15 +0300] "GET /ru/?id=1&option=com_osmap&tmpl=component&view=xml HTTP/1.0" 200 1459 "-" "Mozilla/5.0 (compatible; Linux x86_64; Mail.RU_Bot/Fast/2.0; +http://go.mail.ru/help/robots)"
207.46.13.134 - - [18/Jul/2016:06:21:56 +0300] "GET /ru/news.html?start=14 HTTP/1.0" 200 7378 "-" "Mozilla/5.0 (compatible; bingbot/2.0; +http://www.bing.com/bingbot.htm)"
66.249.75.106 - - [18/Jul/2016:06:25:19 +0300] "GET /ru/buy.html HTTP/1.0" 200 10154 "-" "Mozilla/5.0 (compatible; Googlebot/2.1; +http://www.google.com/bot.html)"
207.46.13.38 - - [18/Jul/2016:06:29:20 +0300] "GET /uk/tariscope-2x-web/24-complex-billing-tariscope-28.html HTTP/1.0" 500 426 "-" "Mozilla/5.0 (compatible; bingbot/2.0; +http://www.bing.com/bingbot.htm)"
217.69.134.29 - - [18/Jul/2016:06:30:52 +0300] "GET /en/?id=1&option=com_osmap&tmpl=component&view=xml HTTP/1.0" 200 1368 "-" "Mozilla/5.0 (compatible; Linux x86_64; Mail.RU_Bot/Fast/2.0; +http://go.mail.ru/help/robots)"
217.69.134.39 - - [18/Jul/2016:06:30:55 +0300] "GET /ru/?id=1&option=com_osmap&tmpl=component&view=xml HTTP/1.0" 200 1459 "-" "Mozilla/5.0 (compatible; Linux x86_64; Mail.RU_Bot/Fast/2.0; +http://go.mail.ru/help/robots)"
207.46.13.18 - - [18/Jul/2016:06:31:13 +0300] "GET /ru/news/407-2015-07-24-08-53-19.html HTTP/1.0" 500 426 "-" "Mozilla/5.0 (compatible; bingbot/2.0; +http://www.bing.com/bingbot.htm)"
180.76.15.9 - - [18/Jul/2016:06:32:36 +0300] "GET /en/component/user/login.html HTTP/1.0" 500 426 "-" "Mozilla/5.0 (compatible; Baiduspider/2.0; +http://www.baidu.com/search/spider.html)"
207.46.13.134 - - [18/Jul/2016:06:34:02 +0300] "GET /en/support/knowledge-base/22--tariscope-35/308-1330-cdr--siemens-hicomhipath.html HTTP/1.0" 500 426 "-" "Mozilla/5.0 (compatible; bingbot/2.0; +http://www.bing.com/bingbot.htm)"
141.8.142.33 - - [18/Jul/2016:06:41:21 +0300] "GET /en/version-news/388--tariscope-cucm.html HTTP/1.0" 500 426 "-" "Mozilla/5.0 (compatible; YandexBot/3.0; +http://yandex.com/bots)"
5.255.253.38 - - [18/Jul/2016:06:41:32 +0300] "GET /ru/support/3-contacts.html HTTP/1.0" 500 426 "-" "Mozilla/5.0 (compatible; YandexBot/3.0; +http://yandex.com/bots)"
178.154.149.1 - - [18/Jul/2016:06:41:44 +0300] "GET /uk/support/144-tariscope-views-for-ip-traffic.html?start=11 HTTP/1.0" 500 426 "-" "Mozilla/5.0 (compatible; YandexBot/3.0; +http://yandex.com/bots)"
141.8.142.33 - - [18/Jul/2016:06:41:55 +0300] "GET /ru/support/knowledge-base-2.html?letter=B HTTP/1.0" 500 426 "-" "Mozilla/5.0 (compatible; YandexBot/3.0; +http://yandex.com/bots)"
141.8.142.29 - - [18/Jul/2016:06:42:07 +0300] "GET /ru/support/knowledge-base/20-reports/181-2012-09-03-14-22-22.html HTTP/1.0" 500 426 "-" "Mozilla/5.0 (compatible; YandexBot/3.0; +http://yandex.com/bots)"
141.8.142.33 - - [18/Jul/2016:06:42:18 +0300] "GET /ru/support/416-2016-02-22-08-21-04.html HTTP/1.0" 500 426 "-" "Mozilla/5.0 (compatible; YandexBot/3.0; +http://yandex.com/bots)"
217.69.134.29 - - [18/Jul/2016:06:43:44 +0300] "GET /en/?id=1&option=com_osmap&tmpl=component&view=xml HTTP/1.0" 200 1368 "-" "Mozilla/5.0 (compatible; Linux x86_64; Mail.RU_Bot/Fast/2.0; +http://go.mail.ru/help/robots)"
217.69.134.13 - - [18/Jul/2016:06:43:47 +0300] "GET /ru/?id=1&option=com_osmap&tmpl=component&view=xml HTTP/1.0" 200 1459 "-" "Mozilla/5.0 (compatible; Linux x86_64; Mail.RU_Bot/Fast/2.0; +http://go.mail.ru/help/robots)"
178.154.149.1 - - [18/Jul/2016:06:46:31 +0300] "GET /en/version-news/388--tariscope-cucm.html HTTP/1.0" 500 426 "-" "Mozilla/5.0 (compatible; YandexBot/3.0; +http://yandex.com/bots)"
141.8.142.33 - - [18/Jul/2016:06:46:43 +0300] "GET /ru/support/knowledge-base/20-reports/181-2012-09-03-14-22-22.html HTTP/1.0" 500 426 "-" "Mozilla/5.0 (compatible; YandexBot/3.0; +http://yandex.com/bots)"
130.193.51.49 - - [18/Jul/2016:06:46:54 +0300] "GET /ru/support/3-contacts.html HTTP/1.0" 500 426 "-" "Mozilla/5.0 (compatible; YandexBot/3.0; +http://yandex.com/bots)"
66.249.75.99 - - [18/Jul/2016:06:46:55 +0300] "GET /en/ts-pro.html HTTP/1.0" 200 8362 "-" "Mozilla/5.0 (compatible; Googlebot/2.1; +http://www.google.com/bot.html)"
178.154.149.1 - - [18/Jul/2016:06:47:06 +0300] "GET /ru/support/416-2016-02-22-08-21-04.html HTTP/1.0" 500 426 "-" "Mozilla/5.0 (compatible; YandexBot/3.0; +http://yandex.com/bots)"
178.154.149.1 - - [18/Jul/2016:06:47:17 +0300] "GET /ru/support/knowledge-base-2.html?letter=B HTTP/1.0" 500 426 "-" "Mozilla/5.0 (compatible; YandexBot/3.0; +http://yandex.com/bots)"
66.249.75.99 - - [18/Jul/2016:06:47:22 +0300] "GET / HTTP/1.0" 303 409 "-" "Mozilla/5.0 (Linux; Android 6.0.1; Nexus 5X Build/MMB29P) AppleWebKit/537.36 (KHTML, like Gecko) Chrome/41.0.2272.96 Mobile Safari/537.36 (compatible; Googlebot/2.1; +http://www.google.com/bot.html)"
66.249.75.106 - - [18/Jul/2016:06:47:22 +0300] "GET /en/ HTTP/1.0" 200 9221 "-" "Mozilla/5.0 (Linux; Android 6.0.1; Nexus 5X Build/MMB29P) AppleWebKit/537.36 (KHTML, like Gecko) Chrome/41.0.2272.96 Mobile Safari/537.36 (compatible; Googlebot/2.1; +http://www.google.com/bot.html)"
141.8.142.33 - - [18/Jul/2016:06:47:29 +0300] "GET /uk/support/knowledge-base/9-tariscope-3x/255--tariscope.html?start=19 HTTP/1.0" 500 426 "-" "Mozilla/5.0 (compatible; YandexBot/3.0; +http://yandex.com/bots)"
217.69.134.13 - - [18/Jul/2016:06:51:32 +0300] "GET /en/?id=1&option=com_osmap&tmpl=component&view=xml HTTP/1.0" 200 1368 "-" "Mozilla/5.0 (compatible; Linux x86_64; Mail.RU_Bot/Fast/2.0; +http://go.mail.ru/help/robots)"
217.69.134.12 - - [18/Jul/2016:06:51:36 +0300] "GET /ru/?id=1&option=com_osmap&tmpl=component&view=xml HTTP/1.0" 200 1459 "-" "Mozilla/5.0 (compatible; Linux x86_64; Mail.RU_Bot/Fast/2.0; +http://go.mail.ru/help/robots)"
207.46.13.134 - - [18/Jul/2016:06:52:26 +0300] "GET /ru/comparison-with-previous-versions.html HTTP/1.0" 500 426 "-" "Mozilla/5.0 (compatible; bingbot/2.0; +http://www.bing.com/bingbot.htm)"
142.54.184.90 - - [18/Jul/2016:06:53:10 +0300] "GET /robots.txt HTTP/1.0" 200 654 "-" "Mozilla/5.0 (compatible; MJ12bot/v1.4.5; http://www.majestic12.co.uk/bot.php?+)"
142.54.184.90 - - [18/Jul/2016:06:53:12 +0300] "GET /comparison-with-previous-versions.html HTTP/1.0" 303 395 "-" "Mozilla/5.0 (compatible; MJ12bot/v1.4.5; http://www.majestic12.co.uk/bot.php?+)"
142.54.184.90 - - [18/Jul/2016:06:53:15 +0300] "GET /en/comparison-with-previous-versions.html HTTP/1.0" 500 381 "-" "Mozilla/5.0 (compatible; MJ12bot/v1.4.5; http://www.majestic12.co.uk/bot.php?+)"
142.54.184.90 - - [18/Jul/2016:06:53:18 +0300] "GET /download/documentation/file/18-tariscope-and-3cx-ip-phone-system.html HTTP/1.0" 303 471 "-" "Mozilla/5.0 (compatible; MJ12bot/v1.4.5; http://www.majestic12.co.uk/bot.php?+)"
142.54.184.90 - - [18/Jul/2016:06:53:21 +0300] "GET /en/download/documentation/file/18-tariscope-and-3cx-ip-phone-system.html HTTP/1.0" 500 426 "-" "Mozilla/5.0 (compatible; MJ12bot/v1.4.5; http://www.majestic12.co.uk/bot.php?+)"
142.54.184.90 - - [18/Jul/2016:06:53:24 +0300] "GET /download/documentation/file/19-tariscope-2-8-user-guide.html HTTP/1.0" 303 462 "-" "Mozilla/5.0 (compatible; MJ12bot/v1.4.5; http://www.majestic12.co.uk/bot.php?+)"
142.54.184.90 - - [18/Jul/2016:06:53:27 +0300] "GET /en/download/documentation/file/19-tariscope-2-8-user-guide.html HTTP/1.0" 500 426 "-" "Mozilla/5.0 (compatible; MJ12bot/v1.4.5; http://www.majestic12.co.uk/bot.php?+)"
142.54.184.90 - - [18/Jul/2016:06:53:30 +0300] "GET /en/component/content/article/21-ts35/261--tariscope-35.html HTTP/1.0" 200 4795 "-" "Mozilla/5.0 (compatible; MJ12bot/v1.4.5; http://www.majestic12.co.uk/bot.php?+)"
142.54.184.90 - - [18/Jul/2016:06:53:33 +0300] "GET /en/component/phocadownload/file/1.html HTTP/1.0" 200 4864 "-" "Mozilla/5.0 (compatible; MJ12bot/v1.4.5; http://www.majestic12.co.uk/bot.php?+)"
142.54.184.90 - - [18/Jul/2016:06:53:36 +0300] "GET /en/component/search/?searchword=%D0%B8%D0%BD%D1%81%D1%82%D0%B0%D0%BB%D0%BB%D1%8F%D1%86%D0%B8%D1%8F&submit=Search&searchphrase=any&ordering=newest HTTP/1.0" 200 5038 "-" "Mozilla/5.0 (compatible; MJ12bot/v1.4.5; http://www.majestic12.co.uk/bot.php?+)"
142.54.184.90 - - [18/Jul/2016:06:53:39 +0300] "GET /en/component/search/?searchword=Communications%20Server%201000&submit=Search&searchphrase=any&ordering=newest HTTP/1.0" 200 7396 "-" "Mozilla/5.0 (compatible; MJ12bot/v1.4.5; http://www.majestic12.co.uk/bot.php?+)"
142.54.184.90 - - [18/Jul/2016:06:53:43 +0300] "GET /en/download/updates/file/15-tariscope-346c-call-accounting-system-update.html HTTP/1.0" 500 426 "-" "Mozilla/5.0 (compatible; MJ12bot/v1.4.5; http://www.majestic12.co.uk/bot.php?+)"
142.54.184.90 - - [18/Jul/2016:06:53:45 +0300] "GET /en/download/updates/file/15-update-tariscope-3-4-6c.html HTTP/1.0" 500 426 "-" "Mozilla/5.0 (compatible; MJ12bot/v1.4.5; http://www.majestic12.co.uk/bot.php?+)"
142.54.184.90 - - [18/Jul/2016:06:53:48 +0300] "GET /en/download/updates/file/8-tariscope.html HTTP/1.0" 500 426 "-" "Mozilla/5.0 (compatible; MJ12bot/v1.4.5; http://www.majestic12.co.uk/bot.php?+)"
142.54.184.90 - - [18/Jul/2016:06:53:51 +0300] "GET /en/forum/3-Common-questions-(Russian)/2-%D0%94%D0%BE%D0%B1%D1%80%D0%BE-%D0%BF%D0%BE%D0%B6%D0%B0%D0%BB%D0%BE%D0%B2%D0%B0%D1%82%D1%8C-%D0%BD%D0%B0-%D1%84%D0%BE%D1%80%D1%83%D0%BC%D1%8B-Tariscope/post.html?do=quote HTTP/1.0" 500 426 "-" "Mozilla/5.0 (compatible; MJ12bot/v1.4.5; http://www.majestic12.co.uk/bot.php?+)"
142.54.184.90 - - [18/Jul/2016:06:53:54 +0300] "GET /en/forum/3-Common-questions-(Russian)/2-%D0%94%D0%BE%D0%B1%D1%80%D0%BE-%D0%BF%D0%BE%D0%B6%D0%B0%D0%BB%D0%BE%D0%B2%D0%B0%D1%82%D1%8C-%D0%BD%D0%B0-%D1%84%D0%BE%D1%80%D1%83%D0%BC%D1%8B-Tariscope/post.html?do=reply HTTP/1.0" 500 426 "-" "Mozilla/5.0 (compatible; MJ12bot/v1.4.5; http://www.majestic12.co.uk/bot.php?+)"
142.54.184.90 - - [18/Jul/2016:06:53:57 +0300] "GET /en/forum/3-Common-questions-(Russian)/2-%D0%A1-%D0%BD%D0%BE%D0%B2%D1%8B%D0%BC-%D0%B3%D0%BE%D0%B4%D0%BE%D0%BC.html HTTP/1.0" 500 426 "-" "Mozilla/5.0 (compatible; MJ12bot/v1.4.5; http://www.majestic12.co.uk/bot.php?+)"
142.54.184.90 - - [18/Jul/2016:06:54:00 +0300] "GET /en/forum/3-Common-questions-(Russian)/21-%D0%A1-%D0%BD%D0%BE%D0%B2%D1%8B%D0%BC-%D0%B3%D0%BE%D0%B4%D0%BE%D0%BC/post.html?do=quote HTTP/1.0" 500 426 "-" "Mozilla/5.0 (compatible; MJ12bot/v1.4.5; http://www.majestic12.co.uk/bot.php?+)"
142.54.184.90 - - [18/Jul/2016:06:54:03 +0300] "GET /en/forum/3-Common-questions-(Russian)/21-%D0%A1-%D0%BD%D0%BE%D0%B2%D1%8B%D0%BC-%D0%B3%D0%BE%D0%B4%D0%BE%D0%BC/post.html?do=reply HTTP/1.0" 500 426 "-" "Mozilla/5.0 (compatible; MJ12bot/v1.4.5; http://www.majestic12.co.uk/bot.php?+)"
142.54.184.90 - - [18/Jul/2016:06:54:06 +0300] "GET /en/forum/4-Tariscope-3x/3-%D0%94%D1%83%D0%B1%D0%BB%D0%B8%D1%80%D1%83%D1%8E%D1%82%D1%81%D1%8F-%D1%81%D1%82%D1%80%D0%BE%D0%BA%D0%B8-%D0%B2-%D0%BF%D1%80%D0%B5%D0%B4%D1%81%D1%82%D0%B0%D0%B2%D0%BB%D0%B5%D0%BD%D0%B8%D0%B8!!!.html HTTP/1.0" 500 426 "-" "Mozilla/5.0 (compatible; MJ12bot/v1.4.5; http://www.majestic12.co.uk/bot.php?+)"
66.249.69.130 - - [18/Jul/2016:06:54:07 +0300] "GET /en/support/equipment-configure/388--tariscope-cucm.html HTTP/1.0" 301 547 "-" "Mozilla/5.0 (compatible; Googlebot/2.1; +http://www.google.com/bot.html)"
142.54.184.90 - - [18/Jul/2016:06:54:09 +0300] "GET /en/forum/5-Tariscope-Basic--Standard/108-Re-Tariscope-28-Basic/post.html HTTP/1.0" 500 426 "-" "Mozilla/5.0 (compatible; MJ12bot/v1.4.5; http://www.majestic12.co.uk/bot.php?+)"
142.54.184.90 - - [18/Jul/2016:06:54:12 +0300] "GET /en/forum/5-Tariscope-Basic--Standard/110-Re-Tariscope-28-Basic/post.html HTTP/1.0" 500 426 "-" "Mozilla/5.0 (compatible; MJ12bot/v1.4.5; http://www.majestic12.co.uk/bot.php?+)"
142.54.184.90 - - [18/Jul/2016:06:54:15 +0300] "GET /en/home/15-equipment/388--tariscope-cucm.html HTTP/1.0" 500 426 "-" "Mozilla/5.0 (compatible; MJ12bot/v1.4.5; http://www.majestic12.co.uk/bot.php?+)"
142.54.184.90 - - [18/Jul/2016:06:54:18 +0300] "GET /en/news/131-article-working-with-tariscope-communication-server-1000-meridian-1.html HTTP/1.0" 500 426 "-" "Mozilla/5.0 (compatible; MJ12bot/v1.4.5; http://www.majestic12.co.uk/bot.php?+)"
142.54.184.90 - - [18/Jul/2016:06:54:21 +0300] "GET /en/news/253--tariscope-si30002000-iskratel.html HTTP/1.0" 200 6767 "-" "Mozilla/5.0 (compatible; MJ12bot/v1.4.5; http://www.majestic12.co.uk/bot.php?+)"
142.54.184.90 - - [18/Jul/2016:06:54:24 +0300] "GET /en/news/261--tariscope-35.html HTTP/1.0" 200 6760 "-" "Mozilla/5.0 (compatible; MJ12bot/v1.4.5; http://www.majestic12.co.uk/bot.php?+)"
142.54.184.90 - - [18/Jul/2016:06:54:27 +0300] "GET /en/news/32-update-tariscope-342-and-28642-2009-11-03.html HTTP/1.0" 500 426 "-" "Mozilla/5.0 (compatible; MJ12bot/v1.4.5; http://www.majestic12.co.uk/bot.php?+)"
142.54.184.90 - - [18/Jul/2016:06:54:30 +0300] "GET /en/news/418-a-new-version-of-tariscope-403.html HTTP/1.0" 500 426 "-" "Mozilla/5.0 (compatible; MJ12bot/v1.4.5; http://www.majestic12.co.uk/bot.php?+)"
142.54.184.90 - - [18/Jul/2016:06:54:33 +0300] "GET /en/siemens-hipath-3000/261--tariscope-35.html HTTP/1.0" 200 8668 "-" "Mozilla/5.0 (compatible; MJ12bot/v1.4.5; http://www.majestic12.co.uk/bot.php?+)"
142.54.184.90 - - [18/Jul/2016:06:54:36 +0300] "GET /en/siemens-hipath-3000/388--tariscope-cucm.html HTTP/1.0" 500 426 "-" "Mozilla/5.0 (compatible; MJ12bot/v1.4.5; http://www.majestic12.co.uk/bot.php?+)"
142.54.184.90 - - [18/Jul/2016:06:54:39 +0300] "GET /en/support/equipment-configure/261--tariscope-35.html HTTP/1.0" 500 426 "-" "Mozilla/5.0 (compatible; MJ12bot/v1.4.5; http://www.majestic12.co.uk/bot.php?+)"
142.54.184.90 - - [18/Jul/2016:06:54:43 +0300] "GET /en/support/knowledge-base/16-equipment-configure/123-configure-integration-of-tariscope-and-cisco-systems.html HTTP/1.0" 500 426 "-" "Mozilla/5.0 (compatible; MJ12bot/v1.4.5; http://www.majestic12.co.uk/bot.php?+)"
142.54.184.90 - - [18/Jul/2016:06:54:45 +0300] "GET /en/support/knowledge-base/16-equipment-configure/124-setting-syslog-protocol-dlya-records-cdr-information-with-cisco-ios-gateways.html HTTP/1.0" 500 426 "-" "Mozilla/5.0 (compatible; MJ12bot/v1.4.5; http://www.majestic12.co.uk/bot.php?+)"
142.54.184.90 - - [18/Jul/2016:06:54:48 +0300] "GET /en/support/knowledge-base/16-equipment-configure/142-cdr-retrieval-from-meridian-1-via-network.html HTTP/1.0" 500 426 "-" "Mozilla/5.0 (compatible; MJ12bot/v1.4.5; http://www.majestic12.co.uk/bot.php?+)"
142.54.184.90 - - [18/Jul/2016:06:55:04 +0300] "GET /en/support/knowledge-base/16-equipment-configure/232-connect-to-hipath-6.html HTTP/1.0" 500 426 "-" "Mozilla/5.0 (compatible; MJ12bot/v1.4.5; http://www.majestic12.co.uk/bot.php?+)"
142.54.184.90 - - [18/Jul/2016:06:55:08 +0300] "GET /en/support/knowledge-base/20-reports/219-2012-10-18-08-57-01.html HTTP/1.0" 500 426 "-" "Mozilla/5.0 (compatible; MJ12bot/v1.4.5; http://www.majestic12.co.uk/bot.php?+)"
142.54.184.90 - - [18/Jul/2016:06:55:11 +0300] "GET /en/support/knowledge-base/22--tariscope-35/258--tariscope-35.html HTTP/1.0" 500 426 "-" "Mozilla/5.0 (compatible; MJ12bot/v1.4.5; http://www.majestic12.co.uk/bot.php?+)"
142.54.184.90 - - [18/Jul/2016:06:55:14 +0300] "GET /en/support/knowledge-base/22--tariscope-35/280-132-cdr--3cx-phone-system.html HTTP/1.0" 500 426 "-" "Mozilla/5.0 (compatible; MJ12bot/v1.4.5; http://www.majestic12.co.uk/bot.php?+)"
142.54.184.90 - - [18/Jul/2016:06:55:16 +0300] "GET /en/support/knowledge-base/22--tariscope-35/282-134-cdr--alcatel-omnipcx-office.html HTTP/1.0" 500 426 "-" "Mozilla/5.0 (compatible; MJ12bot/v1.4.5; http://www.majestic12.co.uk/bot.php?+)"
142.54.184.90 - - [18/Jul/2016:06:55:19 +0300] "GET /en/support/knowledge-base/22--tariscope-35/284-136-cdr--aura-s8xxx-definity.html HTTP/1.0" 500 426 "-" "Mozilla/5.0 (compatible; MJ12bot/v1.4.5; http://www.majestic12.co.uk/bot.php?+)"
142.54.184.90 - - [18/Jul/2016:06:55:22 +0300] "GET /en/support/knowledge-base/22--tariscope-35/313-1335-kdf-.html HTTP/1.0" 500 426 "-" "Mozilla/5.0 (compatible; MJ12bot/v1.4.5; http://www.majestic12.co.uk/bot.php?+)"
142.54.184.90 - - [18/Jul/2016:06:55:25 +0300] "GET /en/support/knowledge-base/22--tariscope-35/314-1336-cdr-.html HTTP/1.0" 500 426 "-" "Mozilla/5.0 (compatible; MJ12bot/v1.4.5; http://www.majestic12.co.uk/bot.php?+)"
142.54.184.90 - - [18/Jul/2016:06:55:28 +0300] "GET /en/support/knowledge-base/22--tariscope-35/315-1337-1500.html HTTP/1.0" 500 426 "-" "Mozilla/5.0 (compatible; MJ12bot/v1.4.5; http://www.majestic12.co.uk/bot.php?+)"
142.54.184.90 - - [18/Jul/2016:06:55:30 +0300] "GET /en/support/knowledge-base/22-management-of-tariscope-35.html HTTP/1.0" 500 426 "-" "Mozilla/5.0 (compatible; MJ12bot/v1.4.5; http://www.majestic12.co.uk/bot.php?+)"
