142.54.184.90 - - [18/Jul/2016:07:12:04 +0300] "GET /forum/4-Tariscope-3x/286-Re-%D0%90%D0%A2%D0%A1-3CX-ver-125---%D0%BA%D0%B0%D0%BA-%D0%B8%D1%81%D0%BF%D1%80%D0%B0%D0%B2%D0%B8%D1%82%D1%8C-%D0%B2%D1%80%D0%B5%D0%BC%D1%8F-%D0%B7%D0%B2%D0%BE%D0%BD%D0%BA%D0%B0/post.html HTTP/1.0" 303 510 "-" "Mozilla/5.0 (compatible; MJ12bot/v1.4.5; http://www.majestic12.co.uk/bot.php?+)"
66.249.69.136 - - [18/Jul/2016:07:12:07 +0300] "GET /en/support/kb/58-support_en/ts-equipment-en/205-call-quality-for-cucm.html HTTP/1.0" 200 12007 "-" "Mozilla/5.0 (compatible; Googlebot/2.1; +http://www.google.com/bot.html)"
142.54.184.90 - - [18/Jul/2016:07:12:08 +0300] "GET /en/forum/4-Tariscope-3x/286-Re-?????-3CX-ver-125---??????-??????????????????-??????????-????????????/post.html HTTP/1.0" 200 8859 "-" "Mozilla/5.0 (compatible; MJ12bot/v1.4.5; http://www.majestic12.co.uk/bot.php?+)"
142.54.184.90 - - [18/Jul/2016:07:12:11 +0300] "GET /forum/4-Tariscope-3x/287-Re-%D0%90%D0%A2%D0%A1-3CX-ver-125---%D0%BA%D0%B0%D0%BA-%D0%B8%D1%81%D0%BF%D1%80%D0%B0%D0%B2%D0%B8%D1%82%D1%8C-%D0%B2%D1%80%D0%B5%D0%BC%D1%8F-%D0%B7%D0%B2%D0%BE%D0%BD%D0%BA%D0%B0/post.html HTTP/1.0" 303 510 "-" "Mozilla/5.0 (compatible; MJ12bot/v1.4.5; http://www.majestic12.co.uk/bot.php?+)"
142.54.184.90 - - [18/Jul/2016:07:12:14 +0300] "GET /en/forum/4-Tariscope-3x/287-Re-?????-3CX-ver-125---??????-??????????????????-??????????-????????????/post.html HTTP/1.0" 200 8954 "-" "Mozilla/5.0 (compatible; MJ12bot/v1.4.5; http://www.majestic12.co.uk/bot.php?+)"
142.54.184.90 - - [18/Jul/2016:07:12:17 +0300] "GET /forum/4-Tariscope-3x/288-Re-%D0%90%D0%A2%D0%A1-3CX-ver-125---%D0%BA%D0%B0%D0%BA-%D0%B8%D1%81%D0%BF%D1%80%D0%B0%D0%B2%D0%B8%D1%82%D1%8C-%D0%B2%D1%80%D0%B5%D0%BC%D1%8F-%D0%B7%D0%B2%D0%BE%D0%BD%D0%BA%D0%B0/post.html HTTP/1.0" 303 510 "-" "Mozilla/5.0 (compatible; MJ12bot/v1.4.5; http://www.majestic12.co.uk/bot.php?+)"
142.54.184.90 - - [18/Jul/2016:07:12:20 +0300] "GET /en/forum/4-Tariscope-3x/288-Re-?????-3CX-ver-125---??????-??????????????????-??????????-????????????/post.html HTTP/1.0" 200 8678 "-" "Mozilla/5.0 (compatible; MJ12bot/v1.4.5; http://www.majestic12.co.uk/bot.php?+)"
142.54.184.90 - - [18/Jul/2016:07:12:23 +0300] "GET /forum/4-Tariscope-3x/289-Re-%D0%90%D0%A2%D0%A1-3CX-ver-125---%D0%BA%D0%B0%D0%BA-%D0%B8%D1%81%D0%BF%D1%80%D0%B0%D0%B2%D0%B8%D1%82%D1%8C-%D0%B2%D1%80%D0%B5%D0%BC%D1%8F-%D0%B7%D0%B2%D0%BE%D0%BD%D0%BA%D0%B0/post.html HTTP/1.0" 303 510 "-" "Mozilla/5.0 (compatible; MJ12bot/v1.4.5; http://www.majestic12.co.uk/bot.php?+)"
31.184.133.23 - - [18/Jul/2016:07:12:25 +0300] "GET /en/ HTTP/1.0" 200 9249 "http://www.tariscope.com/" "Mozilla/5.0 (compatible; MSIE 9.0; Windows NT 6.0; Trident/5.0; chromeframe/11.0.696.57)"
142.54.184.90 - - [18/Jul/2016:07:12:26 +0300] "GET /en/forum/4-Tariscope-3x/289-Re-?????-3CX-ver-125---??????-??????????????????-??????????-????????????/post.html HTTP/1.0" 200 9309 "-" "Mozilla/5.0 (compatible; MJ12bot/v1.4.5; http://www.majestic12.co.uk/bot.php?+)"
142.54.184.90 - - [18/Jul/2016:07:12:30 +0300] "GET /forum/4-Tariscope-3x/290-Re-%D0%90%D0%A2%D0%A1-3CX-ver-125---%D0%BA%D0%B0%D0%BA-%D0%B8%D1%81%D0%BF%D1%80%D0%B0%D0%B2%D0%B8%D1%82%D1%8C-%D0%B2%D1%80%D0%B5%D0%BC%D1%8F-%D0%B7%D0%B2%D0%BE%D0%BD%D0%BA%D0%B0/post.html HTTP/1.0" 303 510 "-" "Mozilla/5.0 (compatible; MJ12bot/v1.4.5; http://www.majestic12.co.uk/bot.php?+)"
142.54.184.90 - - [18/Jul/2016:07:12:32 +0300] "GET /en/forum/4-Tariscope-3x/290-Re-?????-3CX-ver-125---??????-??????????????????-??????????-????????????/post.html HTTP/1.0" 200 8815 "-" "Mozilla/5.0 (compatible; MJ12bot/v1.4.5; http://www.majestic12.co.uk/bot.php?+)"
142.54.184.90 - - [18/Jul/2016:07:12:36 +0300] "GET /forum/4-Tariscope-3x/291-Re-%D0%90%D0%A2%D0%A1-3CX-ver-125---%D0%BA%D0%B0%D0%BA-%D0%B8%D1%81%D0%BF%D1%80%D0%B0%D0%B2%D0%B8%D1%82%D1%8C-%D0%B2%D1%80%D0%B5%D0%BC%D1%8F-%D0%B7%D0%B2%D0%BE%D0%BD%D0%BA%D0%B0/post.html HTTP/1.0" 303 510 "-" "Mozilla/5.0 (compatible; MJ12bot/v1.4.5; http://www.majestic12.co.uk/bot.php?+)"
142.54.184.90 - - [18/Jul/2016:07:12:38 +0300] "GET /en/forum/4-Tariscope-3x/291-Re-?????-3CX-ver-125---??????-??????????????????-??????????-????????????/post.html HTTP/1.0" 200 8649 "-" "Mozilla/5.0 (compatible; MJ12bot/v1.4.5; http://www.majestic12.co.uk/bot.php?+)"
142.54.184.90 - - [18/Jul/2016:07:12:42 +0300] "GET /forum/4-Tariscope-3x/292-Re-%D0%90%D0%A2%D0%A1-3CX-ver-125---%D0%BA%D0%B0%D0%BA-%D0%B8%D1%81%D0%BF%D1%80%D0%B0%D0%B2%D0%B8%D1%82%D1%8C-%D0%B2%D1%80%D0%B5%D0%BC%D1%8F-%D0%B7%D0%B2%D0%BE%D0%BD%D0%BA%D0%B0/post.html HTTP/1.0" 303 510 "-" "Mozilla/5.0 (compatible; MJ12bot/v1.4.5; http://www.majestic12.co.uk/bot.php?+)"
142.54.184.90 - - [18/Jul/2016:07:12:44 +0300] "GET /en/forum/4-Tariscope-3x/292-Re-?????-3CX-ver-125---??????-??????????????????-??????????-????????????/post.html HTTP/1.0" 200 8557 "-" "Mozilla/5.0 (compatible; MJ12bot/v1.4.5; http://www.majestic12.co.uk/bot.php?+)"
142.54.184.90 - - [18/Jul/2016:07:12:48 +0300] "GET /forum/4-Tariscope-3x/293-Re-%D0%90%D0%A2%D0%A1-3CX-ver-125---%D0%BA%D0%B0%D0%BA-%D0%B8%D1%81%D0%BF%D1%80%D0%B0%D0%B2%D0%B8%D1%82%D1%8C-%D0%B2%D1%80%D0%B5%D0%BC%D1%8F-%D0%B7%D0%B2%D0%BE%D0%BD%D0%BA%D0%B0/post.html HTTP/1.0" 303 510 "-" "Mozilla/5.0 (compatible; MJ12bot/v1.4.5; http://www.majestic12.co.uk/bot.php?+)"
142.54.184.90 - - [18/Jul/2016:07:12:50 +0300] "GET /en/forum/4-Tariscope-3x/293-Re-?????-3CX-ver-125---??????-??????????????????-??????????-????????????/post.html HTTP/1.0" 200 8989 "-" "Mozilla/5.0 (compatible; MJ12bot/v1.4.5; http://www.majestic12.co.uk/bot.php?+)"
51.255.65.80 - - [18/Jul/2016:07:12:51 +0300] "GET /en/forum/4-Tariscope-3x/254-Re-%D0%9D%D0%B5%D1%82-%D0%BE%D1%82%D0%BE%D0%B1%D1%80%D0%B0%D0%B6%D0%B5%D0%BD%D0%B8%D1%8F-%D0%B8%D0%BD%D0%B8%D1%86%D0%B8%D0%B0%D1%82%D0%BE%D1%80%D0%B0-%D0%B7%D0%B2%D0%BE%D0%BD%D0%BA%D0%B0/post.html?do=quote HTTP/1.0" 500 426 "-" "Mozilla/5.0 (compatible; AhrefsBot/5.1; +http://ahrefs.com/robot/)"
142.54.184.90 - - [18/Jul/2016:07:12:53 +0300] "GET /forum/4-Tariscope-3x/294-Re-%D0%90%D0%A2%D0%A1-3CX-ver-125---%D0%BA%D0%B0%D0%BA-%D0%B8%D1%81%D0%BF%D1%80%D0%B0%D0%B2%D0%B8%D1%82%D1%8C-%D0%B2%D1%80%D0%B5%D0%BC%D1%8F-%D0%B7%D0%B2%D0%BE%D0%BD%D0%BA%D0%B0/post.html HTTP/1.0" 303 510 "-" "Mozilla/5.0 (compatible; MJ12bot/v1.4.5; http://www.majestic12.co.uk/bot.php?+)"
142.54.184.90 - - [18/Jul/2016:07:12:56 +0300] "GET /en/forum/4-Tariscope-3x/294-Re-?????-3CX-ver-125---??????-??????????????????-??????????-????????????/post.html HTTP/1.0" 200 8807 "-" "Mozilla/5.0 (compatible; MJ12bot/v1.4.5; http://www.majestic12.co.uk/bot.php?+)"
142.54.184.90 - - [18/Jul/2016:07:12:59 +0300] "GET /forum/4-Tariscope-3x/296-%C3%90%C2%B2%C3%90%C2%B7%C3%90%C2%B0%C3%90%C2%B8%C3%90%C2%BC%C3%90%C2%BE%C3%90%C2%B4%C3%90%C2%B5%C3%90%C2%B9%C3%91%C2%81%C3%91%E2%80%9A%C3%90%C2%B2%C3%90%C2%B8%C3%90%C2%B5-%C3%91%C2%81-%C3%90%C2%BF%C3%91%E2%82%AC%C3%90%C2%BE%C3%90%C2%B3%C3%91%E2%82%AC%C3%90%C2%B0%C3%90%C2%BC%C3%90%C2%BC%C3%90%C2%BE%C3%90%C2%B9-MEDoc-IS.html HTTP/1.0" 303 546 "-" "Mozilla/5.0 (compatible; MJ12bot/v1.4.5; http://www.majestic12.co.uk/bot.php?+)"
142.54.184.90 - - [18/Jul/2016:07:13:02 +0300] "GET /en/forum/4-Tariscope-3x/296-????????????????????????????????????????????????????????-????-??????????????????????????????????????????-MEDoc-IS.html HTTP/1.0" 200 8579 "-" "Mozilla/5.0 (compatible; MJ12bot/v1.4.5; http://www.majestic12.co.uk/bot.php?+)"
142.54.184.90 - - [18/Jul/2016:07:13:05 +0300] "GET /forum/4-Tariscope-3x/296-%D0%B2%D0%B7%D0%B0%D0%B8%D0%BC%D0%BE%D0%B4%D0%B5%D0%B9%D1%81%D1%82%D0%B2%D0%B8%D0%B5-%D1%81-%D0%BF%D1%80%D0%BE%D0%B3%D1%80%D0%B0%D0%BC%D0%BC%D0%BE%D0%B9-MEDoc-IS.html HTTP/1.0" 303 493 "-" "Mozilla/5.0 (compatible; MJ12bot/v1.4.5; http://www.majestic12.co.uk/bot.php?+)"
142.54.184.90 - - [18/Jul/2016:07:13:08 +0300] "GET /en/forum/4-Tariscope-3x/296-???????????????????????????-??-????????????????????-MEDoc-IS.html HTTP/1.0" 200 8613 "-" "Mozilla/5.0 (compatible; MJ12bot/v1.4.5; http://www.majestic12.co.uk/bot.php?+)"
142.54.184.90 - - [18/Jul/2016:07:13:11 +0300] "GET /forum/4-Tariscope-3x/296-%D0%B2%D0%B7%D0%B0%D0%B8%D0%BC%D0%BE%D0%B4%D0%B5%D0%B9%D1%81%D1%82%D0%B2%D0%B8%D0%B5-%D1%81-%D0%BF%D1%80%D0%BE%D0%B3%D1%80%D0%B0%D0%BC%D0%BC%D0%BE%D0%B9-MEDoc-IS.html?format=html HTTP/1.0" 303 505 "-" "Mozilla/5.0 (compatible; MJ12bot/v1.4.5; http://www.majestic12.co.uk/bot.php?+)"
51.255.65.25 - - [18/Jul/2016:07:13:13 +0300] "GET /ru/component/content/article/22--tariscope-35/339-n8observer.html?tmpl=component&print=1 HTTP/1.0" 200 9957 "-" "Mozilla/5.0 (compatible; AhrefsBot/5.1; +http://ahrefs.com/robot/)"
142.54.184.90 - - [18/Jul/2016:07:13:14 +0300] "GET /en/forum/4-Tariscope-3x/296-???????????????????????????-??-????????????????????-MEDoc-IS.html?format=html HTTP/1.0" 200 8552 "-" "Mozilla/5.0 (compatible; MJ12bot/v1.4.5; http://www.majestic12.co.uk/bot.php?+)"
142.54.184.90 - - [18/Jul/2016:07:13:18 +0300] "GET /forum/4-Tariscope-3x/296-%D0%B2%D0%B7%D0%B0%D0%B8%D0%BC%D0%BE%D0%B4%D0%B5%D0%B9%D1%81%D1%82%D0%B2%D0%B8%D0%B5-%D1%81-%D0%BF%D1%80%D0%BE%D0%B3%D1%80%D0%B0%D0%BC%D0%BC%D0%BE%D0%B9-MEDoc-IS.html?format=html&lang=en HTTP/1.0" 200 8622 "-" "Mozilla/5.0 (compatible; MJ12bot/v1.4.5; http://www.majestic12.co.uk/bot.php?+)"
142.54.184.90 - - [18/Jul/2016:07:13:21 +0300] "GET /forum/4-Tariscope-3x/296-%D0%B2%D0%B7%D0%B0%D0%B8%D0%BC%D0%BE%D0%B4%D0%B5%D0%B9%D1%81%D1%82%D0%B2%D0%B8%D0%B5-%D1%81-%D0%BF%D1%80%D0%BE%D0%B3%D1%80%D0%B0%D0%BC%D0%BC%D0%BE%D0%B9-MEDoc-IS.html?format=html&lang=ru HTTP/1.0" 500 426 "-" "Mozilla/5.0 (compatible; MJ12bot/v1.4.5; http://www.majestic12.co.uk/bot.php?+)"
142.54.184.90 - - [18/Jul/2016:07:13:24 +0300] "GET /forum/4-Tariscope-3x/296-%D0%B2%D0%B7%D0%B0%D0%B8%D0%BC%D0%BE%D0%B4%D0%B5%D0%B9%D1%81%D1%82%D0%B2%D0%B8%D0%B5-%D1%81-%D0%BF%D1%80%D0%BE%D0%B3%D1%80%D0%B0%D0%BC%D0%BC%D0%BE%D0%B9-MEDoc-IS/post.html HTTP/1.0" 303 498 "-" "Mozilla/5.0 (compatible; MJ12bot/v1.4.5; http://www.majestic12.co.uk/bot.php?+)"
142.54.184.90 - - [18/Jul/2016:07:13:26 +0300] "GET /en/forum/4-Tariscope-3x/296-???????????????????????????-??-????????????????????-MEDoc-IS/post.html HTTP/1.0" 200 8553 "-" "Mozilla/5.0 (compatible; MJ12bot/v1.4.5; http://www.majestic12.co.uk/bot.php?+)"
142.54.184.90 - - [18/Jul/2016:07:13:30 +0300] "GET /forum/4-Tariscope-3x/297-Re-%D0%B2%D0%B7%D0%B0%D0%B8%D0%BC%D0%BE%D0%B4%D0%B5%D0%B9%D1%81%D1%82%D0%B2%D0%B8%D0%B5-%D1%81-%D0%BF%D1%80%D0%BE%D0%B3%D1%80%D0%B0%D0%BC%D0%BC%D0%BE%D0%B9-MEDoc-IS/post.html HTTP/1.0" 303 501 "-" "Mozilla/5.0 (compatible; MJ12bot/v1.4.5; http://www.majestic12.co.uk/bot.php?+)"
142.54.184.90 - - [18/Jul/2016:07:13:32 +0300] "GET /en/forum/4-Tariscope-3x/297-Re-???????????????????????????-??-????????????????????-MEDoc-IS/post.html HTTP/1.0" 200 8543 "-" "Mozilla/5.0 (compatible; MJ12bot/v1.4.5; http://www.majestic12.co.uk/bot.php?+)"
142.54.184.90 - - [18/Jul/2016:07:13:36 +0300] "GET /forum/4-Tariscope-3x/298-Re-%D0%B2%D0%B7%D0%B0%D0%B8%D0%BC%D0%BE%D0%B4%D0%B5%D0%B9%D1%81%D1%82%D0%B2%D0%B8%D0%B5-%D1%81-%D0%BF%D1%80%D0%BE%D0%B3%D1%80%D0%B0%D0%BC%D0%BC%D0%BE%D0%B9-MEDoc-IS/post.html HTTP/1.0" 303 501 "-" "Mozilla/5.0 (compatible; MJ12bot/v1.4.5; http://www.majestic12.co.uk/bot.php?+)"
142.54.184.90 - - [18/Jul/2016:07:13:39 +0300] "GET /en/forum/4-Tariscope-3x/298-Re-???????????????????????????-??-????????????????????-MEDoc-IS/post.html HTTP/1.0" 200 8526 "-" "Mozilla/5.0 (compatible; MJ12bot/v1.4.5; http://www.majestic12.co.uk/bot.php?+)"
142.54.184.90 - - [18/Jul/2016:07:13:42 +0300] "GET /forum/4-Tariscope-3x/299-Re-%D0%B2%D0%B7%D0%B0%D0%B8%D0%BC%D0%BE%D0%B4%D0%B5%D0%B9%D1%81%D1%82%D0%B2%D0%B8%D0%B5-%D1%81-%D0%BF%D1%80%D0%BE%D0%B3%D1%80%D0%B0%D0%BC%D0%BC%D0%BE%D0%B9-MEDoc-IS/post.html HTTP/1.0" 303 501 "-" "Mozilla/5.0 (compatible; MJ12bot/v1.4.5; http://www.majestic12.co.uk/bot.php?+)"
142.54.184.90 - - [18/Jul/2016:07:13:45 +0300] "GET /en/forum/4-Tariscope-3x/299-Re-???????????????????????????-??-????????????????????-MEDoc-IS/post.html HTTP/1.0" 200 8730 "-" "Mozilla/5.0 (compatible; MJ12bot/v1.4.5; http://www.majestic12.co.uk/bot.php?+)"
142.54.184.90 - - [18/Jul/2016:07:13:48 +0300] "GET /forum/4-Tariscope-3x/3-%C3%90%E2%80%9D%C3%91%C6%92%C3%90%C2%B1%C3%90%C2%BB%C3%90%C2%B8%C3%91%E2%82%AC%C3%91%C6%92%C3%91%C5%BD%C3%91%E2%80%9A%C3%91%C2%81%C3%91%C2%8F-%C3%91%C2%81%C3%91%E2%80%9A%C3%91%E2%82%AC%C3%90%C2%BE%C3%90%C2%BA%C3%90%C2%B8-%C3%90%C2%B2-%C3%90%C2%BF%C3%91%E2%82%AC%C3%90%C2%B5%C3%90%C2%B4%C3%91%C2%81%C3%91%E2%80%9A%C3%90%C2%B0%C3%90%C2%B2%C3%90%C2%BB%C3%90%C2%B5%C3%90%C2%BD%C3%90%C2%B8%C3%90%C2%B8!!!.html HTTP/1.0" 303 567 "-" "Mozilla/5.0 (compatible; MJ12bot/v1.4.5; http://www.majestic12.co.uk/bot.php?+)"
142.54.184.90 - - [18/Jul/2016:07:13:51 +0300] "GET /en/forum/4-Tariscope-3x/3-??????????????????????????????????????????????-??????????????????????????-????-??????????????????????????????????????????????????????!!!.html HTTP/1.0" 500 426 "-" "Mozilla/5.0 (compatible; MJ12bot/v1.4.5; http://www.majestic12.co.uk/bot.php?+)"
142.54.184.90 - - [18/Jul/2016:07:13:54 +0300] "GET /forum/4-Tariscope-3x/3-%D0%94%D1%83%D0%B1%D0%BB%D0%B8%D1%80%D1%83%D1%8E%D1%82%D1%81%D1%8F-%D1%81%D1%82%D1%80%D0%BE%D0%BA%D0%B8-%D0%B2-%D0%BF%D1%80%D0%B5%D0%B4%D1%81%D1%82%D0%B0%D0%B2%D0%BB%D0%B5%D0%BD%D0%B8%D0%B8!!!.html HTTP/1.0" 303 498 "-" "Mozilla/5.0 (compatible; MJ12bot/v1.4.5; http://www.majestic12.co.uk/bot.php?+)"
142.54.184.90 - - [18/Jul/2016:07:13:56 +0300] "GET /en/forum/4-Tariscope-3x/3-?????????????????????-????????????-??-??????????????????????????!!!.html HTTP/1.0" 500 426 "-" "Mozilla/5.0 (compatible; MJ12bot/v1.4.5; http://www.majestic12.co.uk/bot.php?+)"
142.54.184.90 - - [18/Jul/2016:07:13:59 +0300] "GET /forum/4-Tariscope-3x/3-%D0%94%D1%83%D0%B1%D0%BB%D0%B8%D1%80%D1%83%D1%8E%D1%82%D1%81%D1%8F-%D1%81%D1%82%D1%80%D0%BE%D0%BA%D0%B8-%D0%B2-%D0%BF%D1%80%D0%B5%D0%B4%D1%81%D1%82%D0%B0%D0%B2%D0%BB%D0%B5%D0%BD%D0%B8%D0%B8!!!.html?format=html HTTP/1.0" 303 510 "-" "Mozilla/5.0 (compatible; MJ12bot/v1.4.5; http://www.majestic12.co.uk/bot.php?+)"
142.54.184.90 - - [18/Jul/2016:07:14:02 +0300] "GET /en/forum/4-Tariscope-3x/3-?????????????????????-????????????-??-??????????????????????????!!!.html?format=html HTTP/1.0" 500 426 "-" "Mozilla/5.0 (compatible; MJ12bot/v1.4.5; http://www.majestic12.co.uk/bot.php?+)"
142.54.184.90 - - [18/Jul/2016:07:14:04 +0300] "GET /forum/4-Tariscope-3x/3-%D0%94%D1%83%D0%B1%D0%BB%D0%B8%D1%80%D1%83%D1%8E%D1%82%D1%81%D1%8F-%D1%81%D1%82%D1%80%D0%BE%D0%BA%D0%B8-%D0%B2-%D0%BF%D1%80%D0%B5%D0%B4%D1%81%D1%82%D0%B0%D0%B2%D0%BB%D0%B5%D0%BD%D0%B8%D0%B8!!!.html?format=html&lang=en HTTP/1.0" 500 426 "-" "Mozilla/5.0 (compatible; MJ12bot/v1.4.5; http://www.majestic12.co.uk/bot.php?+)"
142.54.184.90 - - [18/Jul/2016:07:14:07 +0300] "GET /forum/4-Tariscope-3x/3-%D0%94%D1%83%D0%B1%D0%BB%D0%B8%D1%80%D1%83%D1%8E%D1%82%D1%81%D1%8F-%D1%81%D1%82%D1%80%D0%BE%D0%BA%D0%B8-%D0%B2-%D0%BF%D1%80%D0%B5%D0%B4%D1%81%D1%82%D0%B0%D0%B2%D0%BB%D0%B5%D0%BD%D0%B8%D0%B8!!!.html?format=html&lang=ru HTTP/1.0" 200 10054 "-" "Mozilla/5.0 (compatible; MJ12bot/v1.4.5; http://www.majestic12.co.uk/bot.php?+)"
142.54.184.90 - - [18/Jul/2016:07:14:11 +0300] "GET /forum/4-Tariscope-3x/3-%D0%94%D1%83%D0%B1%D0%BB%D0%B8%D1%80%D1%83%D1%8E%D1%82%D1%81%D1%8F-%D1%81%D1%82%D1%80%D0%BE%D0%BA%D0%B8-%D0%B2-%D0%BF%D1%80%D0%B5%D0%B4%D1%81%D1%82%D0%B0%D0%B2%D0%BB%D0%B5%D0%BD%D0%B8%D0%B8!!!.html?format=html&lang=uk HTTP/1.0" 500 426 "-" "Mozilla/5.0 (compatible; MJ12bot/v1.4.5; http://www.majestic12.co.uk/bot.php?+)"
142.54.184.90 - - [18/Jul/2016:07:14:13 +0300] "GET /forum/4-Tariscope-3x/300-Re-%D0%B2%D0%B7%D0%B0%D0%B8%D0%BC%D0%BE%D0%B4%D0%B5%D0%B9%D1%81%D1%82%D0%B2%D0%B8%D0%B5-%D1%81-%D0%BF%D1%80%D0%BE%D0%B3%D1%80%D0%B0%D0%BC%D0%BC%D0%BE%D0%B9-MEDoc-IS/post.html HTTP/1.0" 303 501 "-" "Mozilla/5.0 (compatible; MJ12bot/v1.4.5; http://www.majestic12.co.uk/bot.php?+)"
142.54.184.90 - - [18/Jul/2016:07:14:16 +0300] "GET /en/forum/4-Tariscope-3x/300-Re-???????????????????????????-??-????????????????????-MEDoc-IS/post.html HTTP/1.0" 200 9019 "-" "Mozilla/5.0 (compatible; MJ12bot/v1.4.5; http://www.majestic12.co.uk/bot.php?+)"
142.54.184.90 - - [18/Jul/2016:07:14:19 +0300] "GET /forum/4-Tariscope-3x/301-Re-%D0%B2%D0%B7%D0%B0%D0%B8%D0%BC%D0%BE%D0%B4%D0%B5%D0%B9%D1%81%D1%82%D0%B2%D0%B8%D0%B5-%D1%81-%D0%BF%D1%80%D0%BE%D0%B3%D1%80%D0%B0%D0%BC%D0%BC%D0%BE%D0%B9-MEDoc-IS/post.html HTTP/1.0" 303 501 "-" "Mozilla/5.0 (compatible; MJ12bot/v1.4.5; http://www.majestic12.co.uk/bot.php?+)"
142.54.184.90 - - [18/Jul/2016:07:14:22 +0300] "GET /en/forum/4-Tariscope-3x/301-Re-???????????????????????????-??-????????????????????-MEDoc-IS/post.html HTTP/1.0" 200 8801 "-" "Mozilla/5.0 (compatible; MJ12bot/v1.4.5; http://www.majestic12.co.uk/bot.php?+)"
142.54.184.90 - - [18/Jul/2016:07:14:25 +0300] "GET /forum/4-Tariscope-3x/313-Re-%C3%83%C2%90%C3%85%C2%B8%C3%83%C2%90%C3%82%C2%B5%C3%83%E2%80%98%C3%A2%E2%80%9A%C2%AC%C3%83%C2%90%C3%82%C2%B5%C3%83%E2%80%98%C3%A2%E2%82%AC%C2%A6%C3%83%C2%90%C3%82%C2%BE%C3%83%C2%90%C3%82%C2%B4-%C3%83%E2%80%98%C3%82%C2%81-Enterprise-%C3%83%C2%90%C3%82%C2%BD%C3%83%C2%90%C3%82%C2%B0-Provider.html HTTP/1.0" 303 546 "-" "Mozilla/5.0 (compatible; MJ12bot/v1.4.5; http://www.majestic12.co.uk/bot.php?+)"
142.54.184.90 - - [18/Jul/2016:07:14:28 +0300] "GET /en/forum/4-Tariscope-3x/313-Re-???????????????????????????????????????????????????????????????-?????????-Enterprise-????????????????-Provider.html HTTP/1.0" 200 8559 "-" "Mozilla/5.0 (compatible; MJ12bot/v1.4.5; http://www.majestic12.co.uk/bot.php?+)"
142.54.184.90 - - [18/Jul/2016:07:14:31 +0300] "GET /forum/4-Tariscope-3x/313-Re-%C3%90%C5%B8%C3%90%C2%B5%C3%91%E2%82%AC%C3%90%C2%B5%C3%91%E2%80%A6%C3%90%C2%BE%C3%90%C2%B4-%C3%91%C2%81-Enterprise-%C3%90%C2%BD%C3%90%C2%B0-Provider.html HTTP/1.0" 303 499 "-" "Mozilla/5.0 (compatible; MJ12bot/v1.4.5; http://www.majestic12.co.uk/bot.php?+)"
142.54.184.90 - - [18/Jul/2016:07:14:34 +0300] "GET /en/forum/4-Tariscope-3x/313-Re-?????????????????????????????-????-Enterprise-????????-Provider.html HTTP/1.0" 200 8639 "-" "Mozilla/5.0 (compatible; MJ12bot/v1.4.5; http://www.majestic12.co.uk/bot.php?+)"
142.54.184.90 - - [18/Jul/2016:07:14:37 +0300] "GET /forum/4-Tariscope-3x/313-Re-%C3%90%C5%B8%C3%90%C2%B5%C3%91%E2%82%AC%C3%90%C2%B5%C3%91%E2%80%A6%C3%90%C2%BE%C3%90%C2%B4-%C3%91%C2%81-Enterprise-%C3%90%C2%BD%C3%90%C2%B0-Provider.html?format=html HTTP/1.0" 303 511 "-" "Mozilla/5.0 (compatible; MJ12bot/v1.4.5; http://www.majestic12.co.uk/bot.php?+)"
142.54.184.90 - - [18/Jul/2016:07:14:40 +0300] "GET /en/forum/4-Tariscope-3x/313-Re-?????????????????????????????-????-Enterprise-????????-Provider.html?format=html HTTP/1.0" 200 8599 "-" "Mozilla/5.0 (compatible; MJ12bot/v1.4.5; http://www.majestic12.co.uk/bot.php?+)"
142.54.184.90 - - [18/Jul/2016:07:14:44 +0300] "GET /forum/4-Tariscope-3x/313-Re-%D0%9F%D0%B5%D1%80%D0%B5%D1%85%D0%BE%D0%B4-%D1%81-Enterprise-%D0%BD%D0%B0-Provider.html HTTP/1.0" 303 477 "-" "Mozilla/5.0 (compatible; MJ12bot/v1.4.5; http://www.majestic12.co.uk/bot.php?+)"
142.54.184.90 - - [18/Jul/2016:07:14:47 +0300] "GET /en/forum/4-Tariscope-3x/313-Re-?????????????-??-Enterprise-????-Provider.html HTTP/1.0" 200 8591 "-" "Mozilla/5.0 (compatible; MJ12bot/v1.4.5; http://www.majestic12.co.uk/bot.php?+)"
142.54.184.90 - - [18/Jul/2016:07:14:50 +0300] "GET /forum/4-Tariscope-3x/313-Re-%D0%9F%D0%B5%D1%80%D0%B5%D1%85%D0%BE%D0%B4-%D1%81-Enterprise-%D0%BD%D0%B0-Provider.html?format=html HTTP/1.0" 303 489 "-" "Mozilla/5.0 (compatible; MJ12bot/v1.4.5; http://www.majestic12.co.uk/bot.php?+)"
142.54.184.90 - - [18/Jul/2016:07:14:53 +0300] "GET /en/forum/4-Tariscope-3x/313-Re-?????????????-??-Enterprise-????-Provider.html?format=html HTTP/1.0" 200 8602 "-" "Mozilla/5.0 (compatible; MJ12bot/v1.4.5; http://www.majestic12.co.uk/bot.php?+)"
142.54.184.90 - - [18/Jul/2016:07:14:56 +0300] "GET /forum/4-Tariscope-3x/313-Re-%D0%9F%D0%B5%D1%80%D0%B5%D1%85%D0%BE%D0%B4-%D1%81-Enterprise-%D0%BD%D0%B0-Provider.html?format=html&lang=ru HTTP/1.0" 500 426 "-" "Mozilla/5.0 (compatible; MJ12bot/v1.4.5; http://www.majestic12.co.uk/bot.php?+)"
142.54.184.90 - - [18/Jul/2016:07:14:58 +0300] "GET /forum/4-Tariscope-3x/313-%C3%90%C5%B8%C3%90%C2%B5%C3%91%E2%82%AC%C3%90%C2%B5%C3%91%E2%80%A6%C3%90%C2%BE%C3%90%C2%B4-%C3%91%C2%81-Enterprise-%C3%90%C2%BD%C3%90%C2%B0-Provider/post.html HTTP/1.0" 303 501 "-" "Mozilla/5.0 (compatible; MJ12bot/v1.4.5; http://www.majestic12.co.uk/bot.php?+)"
142.54.184.90 - - [18/Jul/2016:07:15:02 +0300] "GET /en/forum/4-Tariscope-3x/313-?????????????????????????????-????-Enterprise-????????-Provider/post.html HTTP/1.0" 200 8673 "-" "Mozilla/5.0 (compatible; MJ12bot/v1.4.5; http://www.majestic12.co.uk/bot.php?+)"
66.249.75.99 - - [18/Jul/2016:07:15:43 +0300] "GET /en/support/kb/59-support_en/admin-guide/308-tariscope-program-config.html HTTP/1.0" 200 7886 "-" "Mozilla/5.0 (compatible; Googlebot/2.1; +http://www.google.com/bot.html)"
180.76.15.19 - - [18/Jul/2016:07:17:06 +0300] "GET /en/products/tariscope-enterprise_en.html HTTP/1.0" 500 426 "-" "Mozilla/5.0 (compatible; Baiduspider/2.0; +http://www.baidu.com/search/spider.html)"
157.55.39.158 - - [18/Jul/2016:07:17:39 +0300] "GET /en/component/content/article/138-sql-server-version-edition.html HTTP/1.0" 500 426 "-" "Mozilla/5.0 (compatible; bingbot/2.0; +http://www.bing.com/bingbot.htm)"
207.46.13.38 - - [18/Jul/2016:07:18:13 +0300] "GET /ru/company/388--tariscope-cucm.html HTTP/1.0" 500 426 "-" "Mozilla/5.0 (compatible; bingbot/2.0; +http://www.bing.com/bingbot.htm)"
207.46.13.134 - - [18/Jul/2016:07:18:33 +0300] "GET /ru/news/204--tariscope.html HTTP/1.0" 500 426 "-" "Mozilla/5.0 (compatible; bingbot/2.0; +http://www.bing.com/bingbot.htm)"
180.76.15.146 - - [18/Jul/2016:07:19:46 +0300] "GET /en/component/search/?Itemid=103&catid=44&id=44&format=opensearch HTTP/1.0" 200 1011 "-" "Mozilla/5.0 (compatible; Baiduspider/2.0; +http://www.baidu.com/search/spider.html)"
207.46.13.134 - - [18/Jul/2016:07:20:09 +0300] "GET /ru/forum/4-Tariscope-3x/301-Re-%d0%b2%d0%b7%d0%b0%d0%b8%d0%bc%d0%be%d0%b4%d0%b5%d0%b9%d1%81%d1%82%d0%b2%d0%b8%d0%b5-%d1%81-%d0%bf%d1%80%d0%be%d0%b3%d1%80%d0%b0%d0%bc%d0%bc%d0%be%d0%b9-MEDoc-IS.html HTTP/1.0" 500 426 "-" "Mozilla/5.0 (compatible; bingbot/2.0; +http://www.bing.com/bingbot.htm)"
207.46.13.147 - - [18/Jul/2016:07:21:14 +0300] "GET /uk/products/tariscope-enterprise.html HTTP/1.0" 200 9760 "-" "Mozilla/5.0 (compatible; bingbot/2.0; +http://www.bing.com/bingbot.htm)"
46.161.9.11 - - [18/Jul/2016:07:21:31 +0300] "GET /uk/r-news-uk.html?start=10 HTTP/1.0" 200 31917 "-" "Mozilla/5.0 (Windows NT 6.1; WOW64; rv:26.1) Gecko/20100101 Firefox/26.0"
51.255.65.21 - - [18/Jul/2016:07:21:46 +0300] "GET /uk/component/content/article/1-info/20-tariscope-28-free.html HTTP/1.0" 200 5019 "-" "Mozilla/5.0 (compatible; AhrefsBot/5.1; +http://ahrefs.com/robot/)"
164.132.161.18 - - [18/Jul/2016:07:23:55 +0300] "GET /en/forum/4-Tariscope-3x/164-Re-%D0%98%D0%B7%D0%BC%D0%B5%D0%BD%D0%B5%D0%BD%D0%B8%D0%B5-%D1%82%D0%B0%D1%80%D0%B8%D1%84%D0%BE%D0%B2/post.html?do=quote HTTP/1.0" 500 426 "-" "Mozilla/5.0 (compatible; AhrefsBot/5.1; +http://ahrefs.com/robot/)"
51.255.65.54 - - [18/Jul/2016:07:24:12 +0300] "GET /uk/forum/9-Tariscope-34/94-%D0%9E%D0%B1%D0%BD%D0%BE%D0%B2%D0%BB%D0%B5%D0%BD%D0%B8%D0%B5-Tariscope-346d/post.html?do=reply HTTP/1.0" 500 426 "-" "Mozilla/5.0 (compatible; AhrefsBot/5.1; +http://ahrefs.com/robot/)"
217.69.134.15 - - [18/Jul/2016:07:24:41 +0300] "GET /en/?id=1&option=com_osmap&tmpl=component&view=xml HTTP/1.0" 200 1368 "-" "Mozilla/5.0 (compatible; Linux x86_64; Mail.RU_Bot/Fast/2.0; +http://go.mail.ru/help/robots)"
217.69.134.29 - - [18/Jul/2016:07:24:43 +0300] "GET /ru/?id=1&option=com_osmap&tmpl=component&view=xml HTTP/1.0" 200 1459 "-" "Mozilla/5.0 (compatible; Linux x86_64; Mail.RU_Bot/Fast/2.0; +http://go.mail.ru/help/robots)"
51.255.65.94 - - [18/Jul/2016:07:25:03 +0300] "GET /ru/component/content/article/22--tariscope-35/313-1335-kdf-.html HTTP/1.0" 500 426 "-" "Mozilla/5.0 (compatible; AhrefsBot/5.1; +http://ahrefs.com/robot/)"
31.31.217.14 - - [18/Jul/2016:07:25:55 +0300] "GET /info/news.ru.xml HTTP/1.0" 200 10489 "-" "-"
66.249.69.130 - - [18/Jul/2016:07:30:07 +0300] "GET /news/321--tariscope-----3cx-phone-system.html HTTP/1.0" 303 454 "-" "Mozilla/5.0 (compatible; Googlebot/2.1; +http://www.google.com/bot.html)"
66.249.69.130 - - [18/Jul/2016:07:30:15 +0300] "GET /en/news/321--tariscope-----3cx-phone-system.html HTTP/1.0" 200 7518 "-" "Mozilla/5.0 (compatible; Googlebot/2.1; +http://www.google.com/bot.html)"
31.31.217.14 - - [18/Jul/2016:07:31:12 +0300] "GET /info/news.ru.xml HTTP/1.0" 200 10489 "-" "-"
51.255.65.26 - - [18/Jul/2016:07:32:02 +0300] "GET /ru/forum/5-Tariscope-2%D1%85/185-CDR-Observer-%D0%BF%D0%B0%D1%80%D0%B0%D0%BC%D0%B5%D1%82%D1%80/post.html?do=quote HTTP/1.0" 500 426 "-" "Mozilla/5.0 (compatible; AhrefsBot/5.1; +http://ahrefs.com/robot/)"
66.249.69.133 - - [18/Jul/2016:07:33:43 +0300] "GET /en/news/46-our-new-address.html HTTP/1.0" 200 6356 "-" "Mozilla/5.0 (compatible; Googlebot/2.1; +http://www.google.com/bot.html)"
217.69.134.12 - - [18/Jul/2016:07:33:51 +0300] "GET /en/?id=1&option=com_osmap&tmpl=component&view=xml HTTP/1.0" 200 1368 "-" "Mozilla/5.0 (compatible; Linux x86_64; Mail.RU_Bot/Fast/2.0; +http://go.mail.ru/help/robots)"
217.69.134.11 - - [18/Jul/2016:07:33:55 +0300] "GET /ru/?id=1&option=com_osmap&tmpl=component&view=xml HTTP/1.0" 200 1459 "-" "Mozilla/5.0 (compatible; Linux x86_64; Mail.RU_Bot/Fast/2.0; +http://go.mail.ru/help/robots)"
31.31.216.106 - - [18/Jul/2016:07:34:48 +0300] "GET /info/news.ru.xml HTTP/1.0" 200 10489 "-" "-"
51.255.65.38 - - [18/Jul/2016:07:36:06 +0300] "GET /en/component/content/article/22--tariscope-35/327-m45-.html HTTP/1.0" 200 5475 "-" "Mozilla/5.0 (compatible; AhrefsBot/5.1; +http://ahrefs.com/robot/)"
164.132.161.87 - - [18/Jul/2016:07:36:52 +0300] "GET /en/forum/9-Tariscope-34/122-%D0%A0%D0%B0%D0%B1%D0%BE%D1%82%D0%B0-Tariscope-%D1%81-Communication-Server-1000--Meridian-1/post.html?do=reply HTTP/1.0" 500 426 "-" "Mozilla/5.0 (compatible; AhrefsBot/5.1; +http://ahrefs.com/robot/)"
207.46.13.134 - - [18/Jul/2016:07:37:11 +0300] "GET /ru/products/solutions/45-accounting-calls-select-billing-system.html HTTP/1.0" 500 426 "-" "Mozilla/5.0 (compatible; bingbot/2.0; +http://www.bing.com/bingbot.htm)"
151.80.31.160 - - [18/Jul/2016:07:37:32 +0300] "GET /ru/component/search/?searchword=%D0%BE%D1%82%D0%BE%D0%B1%D1%80%D0%B0%D0%B7%D0%B8%D1%82%D1%8C+%D0%BF%D0%BE%D0%BB%D0%B5&submit=Search&searchphrase=any&ordering=newest HTTP/1.0" 200 8245 "-" "Mozilla/5.0 (compatible; AhrefsBot/5.1; +http://ahrefs.com/robot/)"
31.31.217.14 - - [18/Jul/2016:07:37:48 +0300] "GET /info/news.ru.xml HTTP/1.0" 200 10489 "-" "-"
31.31.216.106 - - [18/Jul/2016:07:38:30 +0300] "GET /info/news.ru.xml HTTP/1.0" 200 10489 "-" "-"
31.31.216.106 - - [18/Jul/2016:07:38:30 +0300] "GET /info/news.ru.xml HTTP/1.0" 200 10489 "-" "-"
66.249.69.133 - - [18/Jul/2016:07:40:08 +0300] "GET /ru/support/knowledge-base-2.html?ordering=2&limit=10&start=180 HTTP/1.0" 500 426 "-" "Mozilla/5.0 (compatible; Googlebot/2.1; +http://www.google.com/bot.html)"
66.249.69.133 - - [18/Jul/2016:07:40:21 +0300] "GET /en/support/knowledge-base/20-reports/205-2012-09-14-09-36-13.html HTTP/1.0" 500 426 "-" "Mozilla/5.0 (compatible; Googlebot/2.1; +http://www.google.com/bot.html)"
66.249.69.130 - - [18/Jul/2016:07:40:26 +0300] "GET /uk/support/330-tariscope-provider-35.html HTTP/1.0" 500 426 "-" "Mozilla/5.0 (Linux; Android 6.0.1; Nexus 5X Build/MMB29P) AppleWebKit/537.36 (KHTML, like Gecko) Chrome/41.0.2272.96 Mobile Safari/537.36 (compatible; Googlebot/2.1; +http://www.google.com/bot.html)"
66.249.75.99 - - [18/Jul/2016:07:40:55 +0300] "GET /ru/news/334-tariscope-409.html HTTP/1.0" 200 8217 "-" "Mozilla/5.0 (compatible; Googlebot/2.1; +http://www.google.com/bot.html)"
164.132.161.11 - - [18/Jul/2016:07:41:20 +0300] "GET /forum/9-Tariscope-34/115-%D0%9D%D0%B0%D1%81%D1%82%D1%80%D0%BE%D0%B9%D0%BA%D0%B0-%D0%B2%D0%B7%D0%B0%D0%B8%D0%BC%D0%BE%D0%B4%D0%B5%D0%B9%D1%81%D1%82%D0%B2%D0%B8%D1%8F-%D1%81%D0%B8%D1%81%D1%82%D0%B5%D0%BC%D1%8B-%D1%83%D1%87%D0%B5%D1%82%D0%B0-%D0%B2%D1%8B%D0%B7%D0%BE%D0%B2%D0%BE%D0%B2-Tariscope-34-%D0%B8-%D0%BE%D0%B1%D0%BE%D1%80%D1%83%D0%B4%D0%BE%D0%B2%D0%B0%D0%BD%D0%B8%D1%8F-Cisco-Systems.html?format=html&lang=ru HTTP/1.0" 500 426 "-" "Mozilla/5.0 (compatible; AhrefsBot/5.1; +http://ahrefs.com/robot/)"
66.249.75.99 - - [18/Jul/2016:07:44:31 +0300] "GET /ru/knowledge-database-ru.html HTTP/1.0" 200 6315 "-" "Mozilla/5.0 (compatible; Googlebot/2.1; +http://www.google.com/bot.html)"
37.115.158.140 - - [18/Jul/2016:07:45:11 +0300] "GET /uk/news/ HTTP/1.0" 200 32368 "http://xboxster.ru/" "Mozilla/4.0 (compatible; MSIE 6.0; Windows XP)"
37.115.158.140 - - [18/Jul/2016:07:45:12 +0300] "GET /uk/news/ HTTP/1.0" 200 32187 "http://xboxster.ru/" "Mozilla/4.0 (compatible; MSIE 6.0; Windows XP)"
37.115.158.140 - - [18/Jul/2016:07:45:12 +0300] "GET /uk/news/ HTTP/1.0" 200 32187 "http://xboxster.ru/" "Mozilla/4.0 (compatible; MSIE 6.0; Windows XP)"
217.69.134.14 - - [18/Jul/2016:07:45:47 +0300] "GET /en/?id=1&option=com_osmap&tmpl=component&view=xml HTTP/1.0" 200 1368 "-" "Mozilla/5.0 (compatible; Linux x86_64; Mail.RU_Bot/Fast/2.0; +http://go.mail.ru/help/robots)"
217.69.134.11 - - [18/Jul/2016:07:45:51 +0300] "GET /ru/?id=1&option=com_osmap&tmpl=component&view=xml HTTP/1.0" 200 1459 "-" "Mozilla/5.0 (compatible; Linux x86_64; Mail.RU_Bot/Fast/2.0; +http://go.mail.ru/help/robots)"
51.255.65.61 - - [18/Jul/2016:07:45:52 +0300] "GET /uk/component/content/article/367-q4-.html HTTP/1.0" 500 426 "-" "Mozilla/5.0 (compatible; AhrefsBot/5.1; +http://ahrefs.com/robot/)"
68.180.230.169 - - [18/Jul/2016:07:45:53 +0300] "GET /robots.txt HTTP/1.0" 200 654 "-" "Mozilla/5.0 (compatible; Yahoo! Slurp; http://help.yahoo.com/help/us/ysearch/slurp)"
68.180.230.169 - - [18/Jul/2016:07:45:54 +0300] "GET /uk/search.html HTTP/1.0" 301 477 "-" "Mozilla/5.0 (compatible; Yahoo! Slurp; http://help.yahoo.com/help/us/ysearch/slurp)"
68.180.230.169 - - [18/Jul/2016:07:45:58 +0300] "GET /uk/ HTTP/1.0" 200 10081 "-" "Mozilla/5.0 (compatible; Yahoo! Slurp; http://help.yahoo.com/help/us/ysearch/slurp)"
66.249.69.136 - - [18/Jul/2016:07:48:07 +0300] "GET /ru/component/search/?searchword=Avaya-Nortel+CS1000&submit=Search&searchphrase=any&ordering=newest HTTP/1.0" 200 6455 "-" "Mozilla/5.0 (compatible; Googlebot/2.1; +http://www.google.com/bot.html)"
178.154.149.1 - - [18/Jul/2016:07:48:40 +0300] "GET /en/version-news/388--tariscope-cucm.html HTTP/1.0" 500 426 "-" "Mozilla/5.0 (compatible; YandexBot/3.0; +http://yandex.com/bots)"
178.154.149.1 - - [18/Jul/2016:07:48:51 +0300] "GET /ru/support/knowledge-base/20-reports/181-2012-09-03-14-22-22.html HTTP/1.0" 500 426 "-" "Mozilla/5.0 (compatible; YandexBot/3.0; +http://yandex.com/bots)"
178.154.149.1 - - [18/Jul/2016:07:49:03 +0300] "GET /ru/support/knowledge-base-2.html?letter=%D0%A0 HTTP/1.0" 500 426 "-" "Mozilla/5.0 (compatible; YandexBot/3.0; +http://yandex.com/bots)"
141.8.142.33 - - [18/Jul/2016:07:49:15 +0300] "GET /ru/support/163-2012-08-28-13-40-11.html HTTP/1.0" 500 426 "-" "Mozilla/5.0 (compatible; YandexBot/3.0; +http://yandex.com/bots)"
93.158.152.22 - - [18/Jul/2016:07:49:27 +0300] "GET /ru/support/3-contacts.html HTTP/1.0" 500 426 "-" "Mozilla/5.0 (compatible; YandexBot/3.0; +http://yandex.com/bots)"
178.154.149.1 - - [18/Jul/2016:07:49:39 +0300] "GET /uk/support/144-tariscope-views-for-ip-traffic.html?start=11 HTTP/1.0" 500 426 "-" "Mozilla/5.0 (compatible; YandexBot/3.0; +http://yandex.com/bots)"
141.8.142.33 - - [18/Jul/2016:07:49:52 +0300] "GET /ru/component/content/category/7-for.html HTTP/1.0" 500 426 "-" "Mozilla/5.0 (compatible; YandexBot/3.0; +http://yandex.com/bots)"
5.255.253.87 - - [18/Jul/2016:07:50:04 +0300] "GET /en/forum/4-Tariscope-Enterprise--Provider/166-%D0%90%D0%BA%D1%82%D0%B8%D0%B2%D0%BD%D0%BE%D0%B5-%D1%83%D1%81%D1%82%D1%80%D0%BE%D0%B9%D1%81%D1%82%D0%B2%D0%BE.html HTTP/1.0" 500 426 "-" "Mozilla/5.0 (compatible; YandexBot/3.0; +http://yandex.com/bots)"
141.8.142.33 - - [18/Jul/2016:07:50:16 +0300] "GET /uk/support/knowledge-base/20-reports/172-2012-08-31-07-56-20.html HTTP/1.0" 500 426 "-" "Mozilla/5.0 (compatible; YandexBot/3.0; +http://yandex.com/bots)"
180.76.15.136 - - [18/Jul/2016:07:50:35 +0300] "GET /en/download/download-documentation/category/13-presentations.html?download=18:benefits-tariscope-enterprise HTTP/1.0" 303 513 "-" "Mozilla/5.0 (compatible; Baiduspider/2.0; +http://www.baidu.com/search/spider.html)"
164.132.161.59 - - [18/Jul/2016:07:51:06 +0300] "GET /uk/component/content/article/14-tariscope-28/96-call-accounting-by-tn-for-meridian1-11c.html HTTP/1.0" 500 426 "-" "Mozilla/5.0 (compatible; AhrefsBot/5.1; +http://ahrefs.com/robot/)"
66.249.75.106 - - [18/Jul/2016:07:51:43 +0300] "GET /en/support/kb/59-support_en/admin-guide/218-currency-rates.html HTTP/1.0" 200 6718 "-" "Mozilla/5.0 (compatible; Googlebot/2.1; +http://www.google.com/bot.html)"
51.255.65.55 - - [18/Jul/2016:07:53:33 +0300] "GET /ru/decisions-of-basel-tariscope/104-comparing-calls-billing.html HTTP/1.0" 500 426 "-" "Mozilla/5.0 (compatible; AhrefsBot/5.1; +http://ahrefs.com/robot/)"
208.115.113.86 - - [18/Jul/2016:07:54:36 +0300] "GET /robots.txt HTTP/1.0" 200 654 "-" "Mozilla/5.0 (compatible; DotBot/1.1; http://www.opensiteexplorer.org/dotbot, help@moz.com)"
157.55.39.153 - - [18/Jul/2016:07:56:03 +0300] "GET /ru/news/399-assessmentcmr.html HTTP/1.0" 500 426 "-" "Mozilla/5.0 (compatible; bingbot/2.0; +http://www.bing.com/bingbot.htm)"
207.46.13.134 - - [18/Jul/2016:07:56:47 +0300] "GET /en/component/content/article/9-tariscope-3x/56-database-files-and-sql-server-transaction-log-big-size.pdf HTTP/1.0" 500 426 "-" "Mozilla/5.0 (compatible; bingbot/2.0; +http://www.bing.com/bingbot.htm)"
51.255.65.92 - - [18/Jul/2016:07:57:15 +0300] "GET /uk/decisions-of-basel-tariscope/122-3cx-phone-system-tariscope.html HTTP/1.0" 500 426 "-" "Mozilla/5.0 (compatible; AhrefsBot/5.1; +http://ahrefs.com/robot/)"
164.132.161.2 - - [18/Jul/2016:07:58:38 +0300] "GET /ru/especially-for/siemens-hipath-3000/416-2016-02-22-08-21-04.html HTTP/1.0" 500 426 "-" "Mozilla/5.0 (compatible; AhrefsBot/5.1; +http://ahrefs.com/robot/)"
164.132.161.87 - - [18/Jul/2016:07:58:50 +0300] "GET /en/support/knowledge-base/20-reports/175-2012-08-31-14-57-04.html HTTP/1.0" 500 426 "-" "Mozilla/5.0 (compatible; AhrefsBot/5.1; +http://ahrefs.com/robot/)"
164.132.161.6 - - [18/Jul/2016:07:58:54 +0300] "GET /en/forum/4-Tariscope-Enterprise--Provider/130-Re-%D0%9D%D0%BE%D0%B2%D1%8B%D0%B5-%D1%84%D0%BE%D1%80%D0%BC%D1%8B-%D0%BE%D1%82%D1%87%D0%B5%D1%82%D0%BE%D0%B2-%D0%9D%D0%B0%D0%BB%D0%BE%D0%B3%D0%BE%D0%B2%D0%BE%D0%B9-%D0%BD%D0%B0%D0%BA%D0%BB%D0%B0%D0%B4%D0%BD%D0%BE%D0%B9-%D1%84%D0%BE%D1%80%D0%BC%D0%B0-%D0%BE%D1%82-01112011/post.html?do=reply HTTP/1.0" 500 426 "-" "Mozilla/5.0 (compatible; AhrefsBot/5.1; +http://ahrefs.com/robot/)"
217.69.134.29 - - [18/Jul/2016:07:59:11 +0300] "GET /en/?id=1&option=com_osmap&tmpl=component&view=xml HTTP/1.0" 200 1368 "-" "Mozilla/5.0 (compatible; Linux x86_64; Mail.RU_Bot/Fast/2.0; +http://go.mail.ru/help/robots)"
217.69.134.11 - - [18/Jul/2016:07:59:13 +0300] "GET /ru/?id=1&option=com_osmap&tmpl=component&view=xml HTTP/1.0" 200 1459 "-" "Mozilla/5.0 (compatible; Linux x86_64; Mail.RU_Bot/Fast/2.0; +http://go.mail.ru/help/robots)"
91.109.13.108 - - [18/Jul/2016:08:00:41 +0300] "GET /phpmyadmin/ HTTP/1.0" 303 370 "-" "Mozilla/3.0 (compatible)"
91.109.13.108 - - [18/Jul/2016:08:02:44 +0300] "GET /phpMyAdmin/ HTTP/1.0" 303 370 "-" "Mozilla/4.0 (compatible; MSIE 6.0; Windows NT 5.1; SV1; MyIE2)"
91.109.13.108 - - [18/Jul/2016:08:03:08 +0300] "GET /pma/ HTTP/1.0" 303 363 "-" "Mozilla/4.0 (compatible; MSIE 6.0; Windows NT 5.0; en) Opera 8.0"
66.249.69.136 - - [18/Jul/2016:08:06:07 +0300] "GET /en/58-support_en/ts-equipment-en/204-restriction-feature-with-cucm.html HTTP/1.0" 200 14541 "-" "Mozilla/5.0 (compatible; Googlebot/2.1; +http://www.google.com/bot.html)"
178.154.149.1 - - [18/Jul/2016:08:06:52 +0300] "GET /ru/download/download-tariscope.html HTTP/1.0" 200 7023 "-" "Mozilla/5.0 (compatible; YandexBot/3.0; +http://yandex.com/bots)"
178.154.149.1 - - [18/Jul/2016:08:07:04 +0300] "GET /ru/ts-pro-ru.html HTTP/1.0" 200 9416 "-" "Mozilla/5.0 (compatible; YandexBot/3.0; +http://yandex.com/bots)"
51.255.65.55 - - [18/Jul/2016:08:07:40 +0300] "GET /ru/forum/5-Tariscope-2%D1%85/181-Re-%D0%BA%D0%BE%D0%B4%D1%8B-%D0%B3%D0%BE%D1%80%D0%BE%D0%B4%D0%BE%D0%B2-%D0%B2-%D1%80%D0%B5%D0%BA%D0%B0%D1%81%D1%82%D0%B8%D0%BD%D0%B3%D0%B5/post.html?do=quote HTTP/1.0" 500 426 "-" "Mozilla/5.0 (compatible; AhrefsBot/5.1; +http://ahrefs.com/robot/)"
51.255.65.58 - - [18/Jul/2016:08:07:53 +0300] "GET /ru/home/15-equipment/388--tariscope-cucm.html HTTP/1.0" 500 426 "-" "Mozilla/5.0 (compatible; AhrefsBot/5.1; +http://ahrefs.com/robot/)"
217.69.134.13 - - [18/Jul/2016:08:09:02 +0300] "GET /en/?id=1&option=com_osmap&tmpl=component&view=xml HTTP/1.0" 200 1368 "-" "Mozilla/5.0 (compatible; Linux x86_64; Mail.RU_Bot/Fast/2.0; +http://go.mail.ru/help/robots)"
217.69.134.11 - - [18/Jul/2016:08:09:08 +0300] "GET /ru/?id=1&option=com_osmap&tmpl=component&view=xml HTTP/1.0" 200 1459 "-" "Mozilla/5.0 (compatible; Linux x86_64; Mail.RU_Bot/Fast/2.0; +http://go.mail.ru/help/robots)"
66.249.69.136 - - [18/Jul/2016:08:13:19 +0300] "GET /ru/download/download-documentation.html HTTP/1.0" 200 6477 "-" "Mozilla/5.0 (compatible; Googlebot/2.1; +http://www.google.com/bot.html)"
207.46.13.38 - - [18/Jul/2016:08:14:04 +0300] "GET /uk/for-enterprises/load-channels/261--tariscope-35.html HTTP/1.0" 500 426 "-" "Mozilla/5.0 (compatible; bingbot/2.0; +http://www.bing.com/bingbot.htm)"
180.76.15.9 - - [18/Jul/2016:08:19:23 +0300] "GET / HTTP/1.0" 303 361 "-" "Mozilla/5.0 (compatible; Baiduspider/2.0; +http://www.baidu.com/search/spider.html)"
207.46.13.134 - - [18/Jul/2016:08:19:32 +0300] "GET /en/siemens-hipath-3000/388--tariscope-cucm.html HTTP/1.0" 500 426 "-" "Mozilla/5.0 (compatible; bingbot/2.0; +http://www.bing.com/bingbot.htm)"
207.46.13.134 - - [18/Jul/2016:08:19:35 +0300] "GET /en/support/equipment-configure/128-call-termination-cause-codes.html HTTP/1.0" 301 542 "-" "Mozilla/5.0 (compatible; bingbot/2.0; +http://www.bing.com/bingbot.htm)"
180.76.15.153 - - [18/Jul/2016:08:19:48 +0300] "GET / HTTP/1.0" 303 361 "-" "Mozilla/5.0 (compatible; Baiduspider/2.0; +http://www.baidu.com/search/spider.html)"
151.80.31.102 - - [18/Jul/2016:08:19:50 +0300] "GET /uk/forum/4-Tariscope-3x/276-Re-%D0%A3%D0%B2%D0%B5%D0%B4%D0%BE%D0%BC%D0%BB%D0%B5%D0%BD%D0%B8%D1%8F-%D0%B8-%D0%BF%D0%BE%D1%87%D1%82%D0%B0-%D0%B2-Tariscope/post.html?do=quote HTTP/1.0" 500 426 "-" "Mozilla/5.0 (compatible; AhrefsBot/5.1; +http://ahrefs.com/robot/)"
217.69.134.14 - - [18/Jul/2016:08:19:53 +0300] "GET /en/?id=1&option=com_osmap&tmpl=component&view=xml HTTP/1.0" 200 1368 "-" "Mozilla/5.0 (compatible; Linux x86_64; Mail.RU_Bot/Fast/2.0; +http://go.mail.ru/help/robots)"
217.69.134.30 - - [18/Jul/2016:08:19:57 +0300] "GET /ru/?id=1&option=com_osmap&tmpl=component&view=xml HTTP/1.0" 200 1459 "-" "Mozilla/5.0 (compatible; Linux x86_64; Mail.RU_Bot/Fast/2.0; +http://go.mail.ru/help/robots)"
66.249.69.136 - - [18/Jul/2016:08:20:31 +0300] "GET /en/59-support_en/admin-guide/251-cdr-iskratel-si3000.html HTTP/1.0" 200 8744 "-" "Mozilla/5.0 (compatible; Googlebot/2.1; +http://www.google.com/bot.html)"
157.55.39.158 - - [18/Jul/2016:08:23:31 +0300] "GET /en/home/352-sri-lanka.html HTTP/1.0" 500 426 "-" "Mozilla/5.0 (compatible; bingbot/2.0; +http://www.bing.com/bingbot.htm)"
180.76.15.134 - - [18/Jul/2016:08:24:05 +0300] "GET /en/forum.html HTTP/1.0" 500 426 "-" "Mozilla/5.0 (compatible; Baiduspider/2.0; +http://www.baidu.com/search/spider.html)"
178.154.149.1 - - [18/Jul/2016:08:24:15 +0300] "GET /uk/support/144-tariscope-views-for-ip-traffic.html?start=11 HTTP/1.0" 500 426 "-" "Mozilla/5.0 (compatible; YandexBot/3.0; +http://yandex.com/bots)"
207.46.13.134 - - [18/Jul/2016:08:24:57 +0300] "GET /en/support/knowledge-base/22--tariscope-35/376-q13---.html HTTP/1.0" 500 426 "-" "Mozilla/5.0 (compatible; bingbot/2.0; +http://www.bing.com/bingbot.htm)"
157.55.39.158 - - [18/Jul/2016:08:25:56 +0300] "GET /en/products/109-pbx-helper-information-d-channels.html HTTP/1.0" 500 426 "-" "Mozilla/5.0 (compatible; bingbot/2.0; +http://www.bing.com/bingbot.htm)"
217.69.134.39 - - [18/Jul/2016:08:28:23 +0300] "GET /en/?id=1&option=com_osmap&tmpl=component&view=xml HTTP/1.0" 200 1368 "-" "Mozilla/5.0 (compatible; Linux x86_64; Mail.RU_Bot/Fast/2.0; +http://go.mail.ru/help/robots)"
217.69.134.11 - - [18/Jul/2016:08:28:28 +0300] "GET /ru/?id=1&option=com_osmap&tmpl=component&view=xml HTTP/1.0" 200 1459 "-" "Mozilla/5.0 (compatible; Linux x86_64; Mail.RU_Bot/Fast/2.0; +http://go.mail.ru/help/robots)"
128.242.249.10 - - [18/Jul/2016:08:28:42 +0300] "GET /en/news.feed?type=atom HTTP/1.0" 200 16617 "-" "TwitterFeed 3"
66.249.75.99 - - [18/Jul/2016:08:31:19 +0300] "GET /support/knowledge-base/22--tariscope-35/287-139-cdr-cisco-callmanager-express.html HTTP/1.0" 303 491 "-" "Mozilla/5.0 (compatible; Googlebot/2.1; +http://www.google.com/bot.html)"
66.249.69.130 - - [18/Jul/2016:08:31:22 +0300] "GET /en/support/knowledge-base/22--tariscope-35/287-139-cdr-cisco-callmanager-express.html HTTP/1.0" 301 468 "-" "Mozilla/5.0 (compatible; Googlebot/2.1; +http://www.google.com/bot.html)"
69.30.198.178 - - [18/Jul/2016:08:31:50 +0300] "GET /robots.txt HTTP/1.0" 200 654 "-" "Mozilla/5.0 (compatible; MJ12bot/v1.4.5; http://www.majestic12.co.uk/bot.php?+)"
69.30.198.178 - - [18/Jul/2016:08:31:53 +0300] "GET /uk/%D0%BD%D0%BE%D0%B2%D0%B8%D0%BD%D0%B8/67-uk-innovations-in-tariscope-40.html HTTP/1.0" 200 58720 "-" "Mozilla/5.0 (compatible; MJ12bot/v1.4.5; http://www.majestic12.co.uk/bot.php?+)"
69.30.198.178 - - [18/Jul/2016:08:32:00 +0300] "GET /uk/%D0%BD%D0%BE%D0%B2%D0%B8%D0%BD%D0%B8/72-tariscope4-0-is-available-uk.html HTTP/1.0" 200 9801 "-" "Mozilla/5.0 (compatible; MJ12bot/v1.4.5; http://www.majestic12.co.uk/bot.php?+)"
69.30.198.178 - - [18/Jul/2016:08:32:04 +0300] "GET /uk/%D0%BF%D1%96%D0%B4%D1%82%D1%80%D0%B8%D0%BC%D0%BA%D0%B0/knowledge-database-uk.html HTTP/1.0" 500 426 "-" "Mozilla/5.0 (compatible; MJ12bot/v1.4.5; http://www.majestic12.co.uk/bot.php?+)"
69.30.198.178 - - [18/Jul/2016:08:32:07 +0300] "GET /uk/%D0%BF%D1%96%D0%B4%D1%82%D1%80%D0%B8%D0%BC%D0%BA%D0%B0/training-uk.html HTTP/1.0" 500 426 "-" "Mozilla/5.0 (compatible; MJ12bot/v1.4.5; http://www.majestic12.co.uk/bot.php?+)"
69.30.198.178 - - [18/Jul/2016:08:32:10 +0300] "GET /uk/%D0%BF%D1%96%D0%B4%D1%82%D1%80%D0%B8%D0%BC%D0%BA%D0%B0/%D1%82%D0%B5%D1%85%D0%BD%D1%96%D1%87%D0%BD%D0%B0-%D0%BF%D1%96%D0%B4%D1%82%D1%80%D0%B8%D0%BC%D0%BA%D0%B0.html HTTP/1.0" 500 426 "-" "Mozilla/5.0 (compatible; MJ12bot/v1.4.5; http://www.majestic12.co.uk/bot.php?+)"
112.90.149.178 - - [18/Jul/2016:08:33:00 +0300] "OPTIONS /ipc$ HTTP/1.0" 303 365 "-" "Microsoft-WebDAV-MiniRedir/6.1.7601"
112.90.149.178 - - [18/Jul/2016:08:33:01 +0300] "GET /en/ipc$ HTTP/1.0" 500 290 "-" "Microsoft-WebDAV-MiniRedir/6.1.7601"
123.30.175.141 - - [18/Jul/2016:08:34:01 +0300] "GET /robots.txt HTTP/1.0" 200 500 "-" "Mozilla/5.0 (compatible; imagecoccoc/1.0; +http://help.coccoc.com/searchengine)"
157.55.39.158 - - [18/Jul/2016:08:34:39 +0300] "GET /en/news/418-a-new-version-of-tariscope-403.html HTTP/1.0" 500 426 "-" "Mozilla/5.0 (compatible; bingbot/2.0; +http://www.bing.com/bingbot.htm)"
69.30.213.138 - - [18/Jul/2016:08:34:44 +0300] "GET /robots.txt HTTP/1.0" 200 654 "-" "Mozilla/5.0 (compatible; MJ12bot/v1.4.5; http://www.majestic12.co.uk/bot.php?+)"
46.161.9.11 - - [18/Jul/2016:08:34:46 +0300] "GET /de/unterst\xc3\xbctzung.feed?type=rss HTTP/1.0" 200 1281 "-" "Mozilla/5.0 (Windows NT 6.1; WOW64; rv:26.1) Gecko/20100101 Firefox/26.0"
69.30.213.138 - - [18/Jul/2016:08:34:47 +0300] "GET /forum/4-Tariscope-3x/313-%D0%9F%D0%B5%D1%80%D0%B5%D1%85%D0%BE%D0%B4-%D1%81-Enterprise-%D0%BD%D0%B0-Provider.html HTTP/1.0" 303 429 "-" "Mozilla/5.0 (compatible; MJ12bot/v1.4.5; http://www.majestic12.co.uk/bot.php?+)"
69.30.213.138 - - [18/Jul/2016:08:34:52 +0300] "GET /en/forum/4-Tariscope-3x/313-%D0%9F%D0%B5%D1%80%D0%B5%D1%85%D0%BE%D0%B4-%D1%81-Enterprise-%D0%BD%D0%B0-Provider.html HTTP/1.0" 200 35410 "-" "Mozilla/5.0 (compatible; MJ12bot/v1.4.5; http://www.majestic12.co.uk/bot.php?+)"
66.249.69.130 - - [18/Jul/2016:08:34:55 +0300] "GET /ru/support/knowledge-base/22--tariscope-35/346-n15hotelsystems.html HTTP/1.0" 301 477 "-" "Mozilla/5.0 (compatible; Googlebot/2.1; +http://www.google.com/bot.html)"
66.249.69.130 - - [18/Jul/2016:08:34:56 +0300] "GET /ru/ HTTP/1.0" 200 9987 "-" "Mozilla/5.0 (compatible; Googlebot/2.1; +http://www.google.com/bot.html)"
69.30.213.138 - - [18/Jul/2016:08:35:00 +0300] "GET /forum/4-Tariscope-3x/313-%D0%9F%D0%B5%D1%80%D0%B5%D1%85%D0%BE%D0%B4-%D1%81-Enterprise-%D0%BD%D0%B0-Provider.html?format=html HTTP/1.0" 303 486 "-" "Mozilla/5.0 (compatible; MJ12bot/v1.4.5; http://www.majestic12.co.uk/bot.php?+)"
69.30.213.138 - - [18/Jul/2016:08:35:05 +0300] "GET /en/forum/4-Tariscope-3x/313-%D0%9F%D0%B5%D1%80%D0%B5%D1%85%D0%BE%D0%B4-%D1%81-Enterprise-%D0%BD%D0%B0-Provider.html?format=html HTTP/1.0" 200 8622 "-" "Mozilla/5.0 (compatible; MJ12bot/v1.4.5; http://www.majestic12.co.uk/bot.php?+)"
69.30.213.138 - - [18/Jul/2016:08:35:09 +0300] "GET /forum/4-Tariscope-3x/313-%D0%9F%D0%B5%D1%80%D0%B5%D1%85%D0%BE%D0%B4-%D1%81-Enterprise-%D0%BD%D0%B0-Provider.html?format=html&lang=ru HTTP/1.0" 500 426 "-" "Mozilla/5.0 (compatible; MJ12bot/v1.4.5; http://www.majestic12.co.uk/bot.php?+)"
69.30.213.138 - - [18/Jul/2016:08:35:12 +0300] "GET /forum/4-Tariscope-3x/313-%D0%9F%D0%B5%D1%80%D0%B5%D1%85%D0%BE%D0%B4-%D1%81-Enterprise-%D0%BD%D0%B0-Provider.html?format=html&lang=uk HTTP/1.0" 500 426 "-" "Mozilla/5.0 (compatible; MJ12bot/v1.4.5; http://www.majestic12.co.uk/bot.php?+)"
69.30.213.138 - - [18/Jul/2016:08:35:15 +0300] "GET /forum/4-Tariscope-3x/313-%D0%9F%D0%B5%D1%80%D0%B5%D1%85%D0%BE%D0%B4-%D1%81-Enterprise-%D0%BD%D0%B0-Provider/post.html HTTP/1.0" 303 479 "-" "Mozilla/5.0 (compatible; MJ12bot/v1.4.5; http://www.majestic12.co.uk/bot.php?+)"
69.30.213.138 - - [18/Jul/2016:08:35:18 +0300] "GET /en/forum/4-Tariscope-3x/313-%D0%9F%D0%B5%D1%80%D0%B5%D1%85%D0%BE%D0%B4-%D1%81-Enterprise-%D0%BD%D0%B0-Provider/post.html HTTP/1.0" 500 426 "-" "Mozilla/5.0 (compatible; MJ12bot/v1.4.5; http://www.majestic12.co.uk/bot.php?+)"
69.30.213.138 - - [18/Jul/2016:08:35:22 +0300] "GET /forum/4-Tariscope-3x/314-Re-%C3%90%C5%B8%C3%90%C2%B5%C3%91%E2%82%AC%C3%90%C2%B5%C3%91%E2%80%A6%C3%90%C2%BE%C3%90%C2%B4-%C3%91%C2%81-Enterprise-%C3%90%C2%BD%C3%90%C2%B0-Provider/post.html HTTP/1.0" 303 504 "-" "Mozilla/5.0 (compatible; MJ12bot/v1.4.5; http://www.majestic12.co.uk/bot.php?+)"
69.30.213.138 - - [18/Jul/2016:08:35:27 +0300] "GET /en/forum/4-Tariscope-3x/314-Re-%C3%90%C5%B8%C3%90%C2%B5%C3%91%E2%82%AC%C3%90%C2%B5%C3%91%E2%80%A6%C3%90%C2%BE%C3%90%C2%B4-%C3%91%C2%81-Enterprise-%C3%90%C2%BD%C3%90%C2%B0-Provider/post.html HTTP/1.0" 500 426 "-" "Mozilla/5.0 (compatible; MJ12bot/v1.4.5; http://www.majestic12.co.uk/bot.php?+)"
69.30.213.138 - - [18/Jul/2016:08:35:31 +0300] "GET /forum/4-Tariscope-3x/314-Re-%D0%9F%D0%B5%D1%80%D0%B5%D1%85%D0%BE%D0%B4-%D1%81-Enterprise-%D0%BD%D0%B0-Provider/post.html HTTP/1.0" 303 482 "-" "Mozilla/5.0 (compatible; MJ12bot/v1.4.5; http://www.majestic12.co.uk/bot.php?+)"
69.30.213.138 - - [18/Jul/2016:08:35:34 +0300] "GET /en/forum/4-Tariscope-3x/314-Re-%D0%9F%D0%B5%D1%80%D0%B5%D1%85%D0%BE%D0%B4-%D1%81-Enterprise-%D0%BD%D0%B0-Provider/post.html HTTP/1.0" 500 426 "-" "Mozilla/5.0 (compatible; MJ12bot/v1.4.5; http://www.majestic12.co.uk/bot.php?+)"
69.30.213.138 - - [18/Jul/2016:08:35:40 +0300] "GET /forum/4-Tariscope-3x/315-Re-%C3%90%C5%B8%C3%90%C2%B5%C3%91%E2%82%AC%C3%90%C2%B5%C3%91%E2%80%A6%C3%90%C2%BE%C3%90%C2%B4-%C3%91%C2%81-Enterprise-%C3%90%C2%BD%C3%90%C2%B0-Provider/post.html HTTP/1.0" 303 504 "-" "Mozilla/5.0 (compatible; MJ12bot/v1.4.5; http://www.majestic12.co.uk/bot.php?+)"
69.30.213.138 - - [18/Jul/2016:08:35:44 +0300] "GET /en/forum/4-Tariscope-3x/315-Re-%C3%90%C5%B8%C3%90%C2%B5%C3%91%E2%82%AC%C3%90%C2%B5%C3%91%E2%80%A6%C3%90%C2%BE%C3%90%C2%B4-%C3%91%C2%81-Enterprise-%C3%90%C2%BD%C3%90%C2%B0-Provider/post.html HTTP/1.0" 500 426 "-" "Mozilla/5.0 (compatible; MJ12bot/v1.4.5; http://www.majestic12.co.uk/bot.php?+)"
69.30.213.138 - - [18/Jul/2016:08:35:47 +0300] "GET /forum/4-Tariscope-3x/315-Re-%D0%9F%D0%B5%D1%80%D0%B5%D1%85%D0%BE%D0%B4-%D1%81-Enterprise-%D0%BD%D0%B0-Provider/post.html HTTP/1.0" 303 482 "-" "Mozilla/5.0 (compatible; MJ12bot/v1.4.5; http://www.majestic12.co.uk/bot.php?+)"
69.30.213.138 - - [18/Jul/2016:08:35:51 +0300] "GET /en/forum/4-Tariscope-3x/315-Re-%D0%9F%D0%B5%D1%80%D0%B5%D1%85%D0%BE%D0%B4-%D1%81-Enterprise-%D0%BD%D0%B0-Provider/post.html HTTP/1.0" 500 426 "-" "Mozilla/5.0 (compatible; MJ12bot/v1.4.5; http://www.majestic12.co.uk/bot.php?+)"
69.30.213.138 - - [18/Jul/2016:08:35:54 +0300] "GET /forum/4-Tariscope-3x/316-Re-%C3%90%C5%B8%C3%90%C2%B5%C3%91%E2%82%AC%C3%90%C2%B5%C3%91%E2%80%A6%C3%90%C2%BE%C3%90%C2%B4-%C3%91%C2%81-Enterprise-%C3%90%C2%BD%C3%90%C2%B0-Provider/post.html HTTP/1.0" 303 504 "-" "Mozilla/5.0 (compatible; MJ12bot/v1.4.5; http://www.majestic12.co.uk/bot.php?+)"
69.30.213.138 - - [18/Jul/2016:08:35:58 +0300] "GET /en/forum/4-Tariscope-3x/316-Re-%C3%90%C5%B8%C3%90%C2%B5%C3%91%E2%82%AC%C3%90%C2%B5%C3%91%E2%80%A6%C3%90%C2%BE%C3%90%C2%B4-%C3%91%C2%81-Enterprise-%C3%90%C2%BD%C3%90%C2%B0-Provider/post.html HTTP/1.0" 500 426 "-" "Mozilla/5.0 (compatible; MJ12bot/v1.4.5; http://www.majestic12.co.uk/bot.php?+)"
69.30.213.138 - - [18/Jul/2016:08:36:01 +0300] "GET /forum/4-Tariscope-3x/316-Re-%D0%9F%D0%B5%D1%80%D0%B5%D1%85%D0%BE%D0%B4-%D1%81-Enterprise-%D0%BD%D0%B0-Provider/post.html HTTP/1.0" 303 482 "-" "Mozilla/5.0 (compatible; MJ12bot/v1.4.5; http://www.majestic12.co.uk/bot.php?+)"
